<html>
<body>
<pre>
<h1>µVision Build Log</h1>
<h2>Tool Versions:</h2>
IDE-Version: µVision V5.24.2.0
Copyright (C) 2017 ARM Ltd and ARM Germany GmbH. All rights reserved.
License Information: amir shahshahani, mcgill, LIC=----
 
Tool Versions:
Toolchain:       MDK-Lite  Version: 5.24.1
Toolchain Path:  C:\Keil_v5\ARM\ARMCC\Bin
C Compiler:      Armcc.exe V5.06 update 5 (build 528)
Assembler:       Armasm.exe V5.06 update 5 (build 528)
Linker/Locator:  ArmLink.exe V5.06 update 5 (build 528)
Library Manager: ArmAr.exe V5.06 update 5 (build 528)
Hex Converter:   FromElf.exe V5.06 update 5 (build 528)
CPU DLL:         SARMCM3.DLL V5.24.1
Dialog DLL:      DCM.DLL V1.16.0.0
Target DLL:      STLink\ST-LINKIII-KEIL_SWO.dll V3.0.1.0
Dialog DLL:      TCM.DLL V1.32.0.0
 
<h2>Project:</h2>
C:\Users\ashahs\source\repos\URESP_MCU_FPGA\MDK-ARM\STMF7_4CH_US.uvprojx
Project File Date:  09/19/2021

<h2>Output:</h2>
*** Using Compiler 'V5.06 update 5 (build 528)', folder: 'C:\Keil_v5\ARM\ARMCC\Bin'
Build target 'URESP_MCU_FPGA'
compiling main.c...
../Src/main.c(145): warning:  #177-D: variable "CH1_Avg"  was declared but never referenced
  				int CH1_Avg = 0, CH2_Avg = 0, CH3_Avg = 0, CH4_Avg = 0;
../Src/main.c(145): warning:  #177-D: variable "CH2_Avg"  was declared but never referenced
  				int CH1_Avg = 0, CH2_Avg = 0, CH3_Avg = 0, CH4_Avg = 0;
../Src/main.c(145): warning:  #177-D: variable "CH3_Avg"  was declared but never referenced
  				int CH1_Avg = 0, CH2_Avg = 0, CH3_Avg = 0, CH4_Avg = 0;
../Src/main.c(145): warning:  #177-D: variable "CH4_Avg"  was declared but never referenced
  				int CH1_Avg = 0, CH2_Avg = 0, CH3_Avg = 0, CH4_Avg = 0;
../Src/main.c(1203): warning:  #177-D: function "GetSector"  was declared but never referenced
  static uint32_t GetSector(uint32_t Address)
../Src/main.c(52): warning:  #177-D: variable "EraseInitStruct"  was declared but never referenced
  static FLASH_EraseInitTypeDef EraseInitStruct;
../Src/main.c: 6 warnings, 0 errors
linking...
Program Size: Code=16928 RO-data=520 RW-data=48 ZI-data=290072  
FromELF: creating hex file...
"STMF7_4CH_US\URESP_MCU_FPGA.axf" - 0 Error(s), 6 Warning(s).

<h2>Software Packages used:</h2>

Package Vendor: ARM
                http://www.keil.com/pack/ARM.CMSIS.5.1.1.pack
                ARM.CMSIS.5.1.1
                CMSIS (Cortex Microcontroller Software Interface Standard)
   * Component: CORE Version: 5.0.2

Package Vendor: Keil
                http://www.keil.com/pack/Keil.STM32F7xx_DFP.2.9.0.pack
                Keil.STM32F7xx_DFP.2.9.0
                STMicroelectronics STM32F7 Series Device Support, Drivers and Examples

<h2>Collection of Component include folders:</h2>
  .\RTE\_URESP_MCU_FPGA
  C:\Keil_v5\ARM\PACK\ARM\CMSIS\5.1.1\CMSIS\Include
  C:\Keil_v5\ARM\PACK\Keil\STM32F7xx_DFP\2.9.0\Drivers\CMSIS\Device\ST\STM32F7xx\Include

<h2>Collection of Component Files used:</h2>

   * Component: ARM::CMSIS:CORE:5.0.2
Build Time Elapsed:  00:00:13
</pre>
</body>
</html>
