Component: ARM Compiler 5.06 update 5 (build 528) Tool: armlink [4d35e2]

==============================================================================

Section Cross References

    startup_stm32f746xx.o(RESET) refers to startup_stm32f746xx.o(STACK) for __initial_sp
    startup_stm32f746xx.o(RESET) refers to startup_stm32f746xx.o(.text) for Reset_Handler
    startup_stm32f746xx.o(RESET) refers to stm32f7xx_it.o(i.NMI_Handler) for NMI_Handler
    startup_stm32f746xx.o(RESET) refers to stm32f7xx_it.o(i.HardFault_Handler) for HardFault_Handler
    startup_stm32f746xx.o(RESET) refers to stm32f7xx_it.o(i.MemManage_Handler) for MemManage_Handler
    startup_stm32f746xx.o(RESET) refers to stm32f7xx_it.o(i.BusFault_Handler) for BusFault_Handler
    startup_stm32f746xx.o(RESET) refers to stm32f7xx_it.o(i.UsageFault_Handler) for UsageFault_Handler
    startup_stm32f746xx.o(RESET) refers to stm32f7xx_it.o(i.SVC_Handler) for SVC_Handler
    startup_stm32f746xx.o(RESET) refers to stm32f7xx_it.o(i.DebugMon_Handler) for DebugMon_Handler
    startup_stm32f746xx.o(RESET) refers to stm32f7xx_it.o(i.PendSV_Handler) for PendSV_Handler
    startup_stm32f746xx.o(RESET) refers to stm32f7xx_it.o(i.SysTick_Handler) for SysTick_Handler
    startup_stm32f746xx.o(RESET) refers to stm32f7xx_it.o(i.ADC_IRQHandler) for ADC_IRQHandler
    startup_stm32f746xx.o(RESET) refers to stm32f7xx_it.o(i.USART1_IRQHandler) for USART1_IRQHandler
    startup_stm32f746xx.o(RESET) refers to stm32f7xx_it.o(i.EXTI15_10_IRQHandler) for EXTI15_10_IRQHandler
    startup_stm32f746xx.o(RESET) refers to stm32f7xx_it.o(i.DMA2_Stream0_IRQHandler) for DMA2_Stream0_IRQHandler
    startup_stm32f746xx.o(RESET) refers to stm32f7xx_it.o(i.DMA2_Stream2_IRQHandler) for DMA2_Stream2_IRQHandler
    startup_stm32f746xx.o(RESET) refers to stm32f7xx_it.o(i.DMA2_Stream7_IRQHandler) for DMA2_Stream7_IRQHandler
    startup_stm32f746xx.o(.text) refers to system_stm32f7xx.o(i.SystemInit) for SystemInit
    startup_stm32f746xx.o(.text) refers to entry.o(.ARM.Collect$$$$00000000) for __main
    main.o(i.HAL_ADC_ConvCpltCallback) refers to stm32f7xx_hal_gpio.o(i.HAL_GPIO_ReadPin) for HAL_GPIO_ReadPin
    main.o(i.HAL_ADC_ConvCpltCallback) refers to stm32f7xx_hal_gpio.o(i.HAL_GPIO_WritePin) for HAL_GPIO_WritePin
    main.o(i.HAL_ADC_ConvCpltCallback) refers to stm32f7xx_hal_uart.o(i.HAL_UART_Transmit) for HAL_UART_Transmit
    main.o(i.HAL_ADC_ConvCpltCallback) refers to main.o(i.TransmitData) for TransmitData
    main.o(i.HAL_ADC_ConvCpltCallback) refers to stm32f7xx_hal_cortex.o(i.HAL_NVIC_DisableIRQ) for HAL_NVIC_DisableIRQ
    main.o(i.HAL_ADC_ConvCpltCallback) refers to main.o(.data) for .data
    main.o(i.HAL_ADC_ConvCpltCallback) refers to main.o(.bss) for .bss
    main.o(i.HAL_ADC_ConvCpltCallback) refers to stm32f7xx_hal_uart.o(i.HAL_UART_Receive_IT) for HAL_UART_Receive_IT
    main.o(i.MX_ADC3_Init) refers to stm32f7xx_hal_adc.o(i.HAL_ADC_Init) for HAL_ADC_Init
    main.o(i.MX_ADC3_Init) refers to stm32f7xx_hal_adc.o(i.HAL_ADC_ConfigChannel) for HAL_ADC_ConfigChannel
    main.o(i.MX_ADC3_Init) refers to main.o(.bss) for .bss
    main.o(i.MX_GPIO_Init) refers to stm32f7xx_hal_gpio.o(i.HAL_GPIO_WritePin) for HAL_GPIO_WritePin
    main.o(i.MX_GPIO_Init) refers to stm32f7xx_hal_gpio.o(i.HAL_GPIO_Init) for HAL_GPIO_Init
    main.o(i.MX_GPIO_Init) refers to stm32f7xx_hal_cortex.o(i.HAL_NVIC_SetPriority) for HAL_NVIC_SetPriority
    main.o(i.MX_GPIO_Init) refers to stm32f7xx_hal_cortex.o(i.HAL_NVIC_EnableIRQ) for HAL_NVIC_EnableIRQ
    main.o(i.MX_QUADSPI_Init) refers to stm32f7xx_hal_qspi.o(i.HAL_QSPI_Init) for HAL_QSPI_Init
    main.o(i.MX_QUADSPI_Init) refers to main.o(.bss) for .bss
    main.o(i.MX_USART1_UART_Init) refers to stm32f7xx_hal_uart.o(i.HAL_UART_Init) for HAL_UART_Init
    main.o(i.MX_USART1_UART_Init) refers to main.o(.bss) for .bss
    main.o(i.ReceiveData) refers to stm32f7xx_hal_uart.o(i.HAL_UART_Receive) for HAL_UART_Receive
    main.o(i.ReceiveData) refers to main.o(.bss) for .bss
    main.o(i.SystemClock_Config) refers to stm32f7xx_hal_rcc.o(i.HAL_RCC_OscConfig) for HAL_RCC_OscConfig
    main.o(i.SystemClock_Config) refers to stm32f7xx_hal_pwr_ex.o(i.HAL_PWREx_EnableOverDrive) for HAL_PWREx_EnableOverDrive
    main.o(i.SystemClock_Config) refers to stm32f7xx_hal_rcc.o(i.HAL_RCC_ClockConfig) for HAL_RCC_ClockConfig
    main.o(i.SystemClock_Config) refers to stm32f7xx_hal_rcc_ex.o(i.HAL_RCCEx_PeriphCLKConfig) for HAL_RCCEx_PeriphCLKConfig
    main.o(i.SystemClock_Config) refers to stm32f7xx_hal_rcc.o(i.HAL_RCC_GetHCLKFreq) for HAL_RCC_GetHCLKFreq
    main.o(i.SystemClock_Config) refers to stm32f7xx_hal_cortex.o(i.HAL_SYSTICK_Config) for HAL_SYSTICK_Config
    main.o(i.SystemClock_Config) refers to stm32f7xx_hal_cortex.o(i.HAL_SYSTICK_CLKSourceConfig) for HAL_SYSTICK_CLKSourceConfig
    main.o(i.SystemClock_Config) refers to stm32f7xx_hal_cortex.o(i.HAL_NVIC_SetPriority) for HAL_NVIC_SetPriority
[...]
    uldiv.o(.text) refers to llushr.o(.text) for __aeabi_llsr
    uldiv.o(.text) refers to llshl.o(.text) for __aeabi_llsl
    entry2.o(.ARM.Collect$$$$00000001) refers to entry2.o(.ARM.Collect$$$$00002712) for __lit__00000000
    entry2.o(.ARM.Collect$$$$00002712) refers to startup_stm32f746xx.o(STACK) for __initial_sp
    entry2.o(__vectab_stack_and_reset_area) refers to startup_stm32f746xx.o(STACK) for __initial_sp
    entry2.o(__vectab_stack_and_reset_area) refers to entry.o(.ARM.Collect$$$$00000000) for __main
    entry5.o(.ARM.Collect$$$$00000004) refers to init.o(.text) for __scatterload
    entry9a.o(.ARM.Collect$$$$0000000B) refers to main.o(i.main) for main
    entry9b.o(.ARM.Collect$$$$0000000C) refers to main.o(i.main) for main
    init.o(.text) refers to entry5.o(.ARM.Collect$$$$00000004) for __main_after_scatterload


==============================================================================

Removing Unused input sections from the image.

    Removing startup_stm32f746xx.o(HEAP), (512 bytes).
    Removing main.o(.rev16_text), (4 bytes).
    Removing main.o(.revsh_text), (4 bytes).
    Removing main.o(.rrx_text), (6 bytes).
    Removing main.o(i.ReceiveData), (36 bytes).
    Removing main.o(i.delay), (6 bytes).
    Removing main.o(.data), (4 bytes).
    Removing main.o(.data), (4 bytes).
    Removing main.o(.data), (4 bytes).
    Removing stm32f7xx_it.o(.rev16_text), (4 bytes).
    Removing stm32f7xx_it.o(.revsh_text), (4 bytes).
    Removing stm32f7xx_it.o(.rrx_text), (6 bytes).
    Removing stm32f7xx_hal_msp.o(.rev16_text), (4 bytes).
    Removing stm32f7xx_hal_msp.o(.revsh_text), (4 bytes).
    Removing stm32f7xx_hal_msp.o(.rrx_text), (6 bytes).
    Removing stm32f7xx_hal_msp.o(i.HAL_ADC_MspDeInit), (76 bytes).
    Removing stm32f7xx_hal_msp.o(i.HAL_QSPI_MspDeInit), (72 bytes).
    Removing stm32f7xx_hal_msp.o(i.HAL_UART_MspDeInit), (80 bytes).
    Removing fput_debug.o(.rev16_text), (4 bytes).
    Removing fput_debug.o(.revsh_text), (4 bytes).
    Removing fput_debug.o(.rrx_text), (6 bytes).
    Removing fput_debug.o(i.fputc), (40 bytes).
    Removing stm32f7xx_hal_adc.o(.rev16_text), (4 bytes).
    Removing stm32f7xx_hal_adc.o(.revsh_text), (4 bytes).
    Removing stm32f7xx_hal_adc.o(.rrx_text), (6 bytes).
    Removing stm32f7xx_hal_adc.o(i.HAL_ADC_AnalogWDGConfig), (112 bytes).
    Removing stm32f7xx_hal_adc.o(i.HAL_ADC_ConvCpltCallback), (2 bytes).
    Removing stm32f7xx_hal_adc.o(i.HAL_ADC_DeInit), (58 bytes).
    Removing stm32f7xx_hal_adc.o(i.HAL_ADC_GetError), (4 bytes).
    Removing stm32f7xx_hal_adc.o(i.HAL_ADC_GetState), (4 bytes).
    Removing stm32f7xx_hal_adc.o(i.HAL_ADC_GetValue), (6 bytes).
    Removing stm32f7xx_hal_adc.o(i.HAL_ADC_MspDeInit), (2 bytes).
    Removing stm32f7xx_hal_adc.o(i.HAL_ADC_MspInit), (2 bytes).
    Removing stm32f7xx_hal_adc.o(i.HAL_ADC_PollForConversion), (160 bytes).
    Removing stm32f7xx_hal_adc.o(i.HAL_ADC_PollForEvent), (108 bytes).
    Removing stm32f7xx_hal_adc.o(i.HAL_ADC_Start), (184 bytes).
    Removing stm32f7xx_hal_adc.o(i.HAL_ADC_Start_IT), (196 bytes).
    Removing stm32f7xx_hal_adc.o(i.HAL_ADC_Stop), (60 bytes).
    Removing stm32f7xx_hal_adc.o(i.HAL_ADC_Stop_DMA), (88 bytes).
    Removing stm32f7xx_hal_adc.o(i.HAL_ADC_Stop_IT), (72 bytes).
    Removing stm32f7xx_hal_adc_ex.o(.rev16_text), (4 bytes).
    Removing stm32f7xx_hal_adc_ex.o(.revsh_text), (4 bytes).
    Removing stm32f7xx_hal_adc_ex.o(.rrx_text), (6 bytes).
    Removing stm32f7xx_hal_adc_ex.o(i.ADC_MultiModeDMAConvCplt), (90 bytes).
    Removing stm32f7xx_hal_adc_ex.o(i.ADC_MultiModeDMAError), (18 bytes).
    Removing stm32f7xx_hal_adc_ex.o(i.ADC_MultiModeDMAHalfConvCplt), (6 bytes).
    Removing stm32f7xx_hal_adc_ex.o(i.HAL_ADCEx_InjectedConfigChannel), (452 bytes).
    Removing stm32f7xx_hal_adc_ex.o(i.HAL_ADCEx_InjectedGetValue), (62 bytes).
    Removing stm32f7xx_hal_adc_ex.o(i.HAL_ADCEx_InjectedPollForConversion), (136 bytes).
    Removing stm32f7xx_hal_adc_ex.o(i.HAL_ADCEx_InjectedStart), (204 bytes).
    Removing stm32f7xx_hal_adc_ex.o(i.HAL_ADCEx_InjectedStart_IT), (220 bytes).
    Removing stm32f7xx_hal_adc_ex.o(i.HAL_ADCEx_InjectedStop), (84 bytes).
    Removing stm32f7xx_hal_adc_ex.o(i.HAL_ADCEx_InjectedStop_IT), (92 bytes).
    Removing stm32f7xx_hal_adc_ex.o(i.HAL_ADCEx_MultiModeConfigChannel), (108 bytes).
    Removing stm32f7xx_hal_adc_ex.o(i.HAL_ADCEx_MultiModeGetValue), (12 bytes).
    Removing stm32f7xx_hal_adc_ex.o(i.HAL_ADCEx_MultiModeStart_DMA), (256 bytes).
    Removing stm32f7xx_hal_adc_ex.o(i.HAL_ADCEx_MultiModeStop_DMA), (100 bytes).
    Removing stm32f7xx_hal_cortex.o(.rev16_text), (4 bytes).
    Removing stm32f7xx_hal_cortex.o(.revsh_text), (4 bytes).
    Removing stm32f7xx_hal_cortex.o(.rrx_text), (6 bytes).
    Removing stm32f7xx_hal_cortex.o(i.HAL_MPU_ConfigRegion), (92 bytes).
    Removing stm32f7xx_hal_cortex.o(i.HAL_MPU_Disable), (28 bytes).
    Removing stm32f7xx_hal_cortex.o(i.HAL_MPU_Enable), (36 bytes).
    Removing stm32f7xx_hal_cortex.o(i.HAL_NVIC_ClearPendingIRQ), (22 bytes).
    Removing stm32f7xx_hal_cortex.o(i.HAL_NVIC_GetActive), (32 bytes).
    Removing stm32f7xx_hal_cortex.o(i.HAL_NVIC_GetPendingIRQ), (32 bytes).
    Removing stm32f7xx_hal_cortex.o(i.HAL_NVIC_GetPriority), (82 bytes).
    Removing stm32f7xx_hal_cortex.o(i.HAL_NVIC_GetPriorityGrouping), (16 bytes).
    Removing stm32f7xx_hal_cortex.o(i.HAL_NVIC_SetPendingIRQ), (22 bytes).
    Removing stm32f7xx_hal_cortex.o(i.HAL_NVIC_SystemReset), (36 bytes).
    Removing stm32f7xx_hal_qspi.o(.rev16_text), (4 bytes).
    Removing stm32f7xx_hal_qspi.o(.revsh_text), (4 bytes).
    Removing stm32f7xx_hal_qspi.o(.rrx_text), (6 bytes).
    Removing stm32f7xx_hal_qspi.o(i.HAL_QSPI_Abort), (124 bytes).
    Removing stm32f7xx_hal_qspi.o(i.HAL_QSPI_AbortCpltCallback), (2 bytes).
    Removing stm32f7xx_hal_qspi.o(i.HAL_QSPI_Abort_IT), (100 bytes).
    Removing stm32f7xx_hal_qspi.o(i.HAL_QSPI_AutoPolling), (172 bytes).
    Removing stm32f7xx_hal_qspi.o(i.HAL_QSPI_AutoPolling_IT), (162 bytes).
    Removing stm32f7xx_hal_qspi.o(i.HAL_QSPI_CmdCpltCallback), (2 bytes).
    Removing stm32f7xx_hal_qspi.o(i.HAL_QSPI_Command), (134 bytes).
    Removing stm32f7xx_hal_qspi.o(i.HAL_QSPI_Command_IT), (128 bytes).
    Removing stm32f7xx_hal_qspi.o(i.HAL_QSPI_DeInit), (58 bytes).
    Removing stm32f7xx_hal_qspi.o(i.HAL_QSPI_ErrorCallback), (2 bytes).
    Removing stm32f7xx_hal_qspi.o(i.HAL_QSPI_FifoThresholdCallback), (2 bytes).
    Removing stm32f7xx_hal_qspi.o(i.HAL_QSPI_GetError), (4 bytes).
    Removing stm32f7xx_hal_qspi.o(i.HAL_QSPI_GetFifoThreshold), (12 bytes).
    Removing stm32f7xx_hal_qspi.o(i.HAL_QSPI_GetState), (6 bytes).
    Removing stm32f7xx_hal_qspi.o(i.HAL_QSPI_IRQHandler), (476 bytes).
    Removing stm32f7xx_hal_qspi.o(i.HAL_QSPI_MemoryMapped), (140 bytes).
    Removing stm32f7xx_hal_qspi.o(i.HAL_QSPI_MspDeInit), (2 bytes).
    Removing stm32f7xx_hal_qspi.o(i.HAL_QSPI_MspInit), (2 bytes).
    Removing stm32f7xx_hal_qspi.o(i.HAL_QSPI_Receive), (194 bytes).
    Removing stm32f7xx_hal_qspi.o(i.HAL_QSPI_Receive_DMA), (252 bytes).
    Removing stm32f7xx_hal_qspi.o(i.HAL_QSPI_Receive_IT), (120 bytes).
    Removing stm32f7xx_hal_qspi.o(i.HAL_QSPI_RxCpltCallback), (2 bytes).
    Removing stm32f7xx_hal_qspi.o(i.HAL_QSPI_RxHalfCpltCallback), (2 bytes).
    Removing stm32f7xx_hal_qspi.o(i.HAL_QSPI_SetFifoThreshold), (66 bytes).
    Removing stm32f7xx_hal_qspi.o(i.HAL_QSPI_SetTimeout), (4 bytes).
    Removing stm32f7xx_hal_qspi.o(i.HAL_QSPI_StatusMatchCallback), (2 bytes).
    Removing stm32f7xx_hal_qspi.o(i.HAL_QSPI_TimeOutCallback), (2 bytes).
    Removing stm32f7xx_hal_qspi.o(i.HAL_QSPI_Transmit), (186 bytes).
    Removing stm32f7xx_hal_qspi.o(i.HAL_QSPI_Transmit_DMA), (236 bytes).
    Removing stm32f7xx_hal_qspi.o(i.HAL_QSPI_Transmit_IT), (110 bytes).
    Removing stm32f7xx_hal_qspi.o(i.HAL_QSPI_TxCpltCallback), (2 bytes).
    Removing stm32f7xx_hal_qspi.o(i.HAL_QSPI_TxHalfCpltCallback), (2 bytes).
    Removing stm32f7xx_hal_qspi.o(i.QSPI_Config), (424 bytes).
    Removing stm32f7xx_hal_qspi.o(i.QSPI_DMAAbortCplt), (58 bytes).
    Removing stm32f7xx_hal_qspi.o(i.QSPI_DMAError), (48 bytes).
    Removing stm32f7xx_hal_qspi.o(i.QSPI_DMARxCplt), (18 bytes).
    Removing stm32f7xx_hal_qspi.o(i.QSPI_DMARxHalfCplt), (10 bytes).
    Removing stm32f7xx_hal_qspi.o(i.QSPI_DMATxCplt), (18 bytes).
    Removing stm32f7xx_hal_qspi.o(i.QSPI_DMATxHalfCplt), (10 bytes).
    Removing stm32f7xx_hal_tim.o(.rev16_text), (4 bytes).
    Removing stm32f7xx_hal_tim.o(.revsh_text), (4 bytes).
    Removing stm32f7xx_hal_tim.o(.rrx_text), (6 bytes).
    Removing stm32f7xx_hal_tim_ex.o(.rev16_text), (4 bytes).
    Removing stm32f7xx_hal_tim_ex.o(.revsh_text), (4 bytes).
    Removing stm32f7xx_hal_tim_ex.o(.rrx_text), (6 bytes).
    Removing stm32f7xx_hal_uart.o(.rev16_text), (4 bytes).
    Removing stm32f7xx_hal_uart.o(.revsh_text), (4 bytes).
    Removing stm32f7xx_hal_uart.o(.rrx_text), (6 bytes).
    Removing stm32f7xx_hal_uart.o(i.HAL_HalfDuplex_EnableReceiver), (62 bytes).
    Removing stm32f7xx_hal_uart.o(i.HAL_HalfDuplex_EnableTransmitter), (62 bytes).
    Removing stm32f7xx_hal_uart.o(i.HAL_HalfDuplex_Init), (116 bytes).
    Removing stm32f7xx_hal_uart.o(i.HAL_LIN_Init), (130 bytes).
    Removing stm32f7xx_hal_uart.o(i.HAL_LIN_SendBreak), (50 bytes).
    Removing stm32f7xx_hal_uart.o(i.HAL_MultiProcessorEx_AddressLength_Set), (48 bytes).
    Removing stm32f7xx_hal_uart.o(i.HAL_MultiProcessor_DisableMuteMode), (44 bytes).
    Removing stm32f7xx_hal_uart.o(i.HAL_MultiProcessor_EnableMuteMode), (44 bytes).
    Removing stm32f7xx_hal_uart.o(i.HAL_MultiProcessor_EnterMuteMode), (12 bytes).
    Removing stm32f7xx_hal_uart.o(i.HAL_MultiProcessor_Init), (138 bytes).
    Removing stm32f7xx_hal_uart.o(i.HAL_RS485Ex_Init), (140 bytes).
    Removing stm32f7xx_hal_uart.o(i.HAL_UART_DMAPause), (98 bytes).
    Removing stm32f7xx_hal_uart.o(i.HAL_UART_DMAResume), (102 bytes).
    Removing stm32f7xx_hal_uart.o(i.HAL_UART_DMAStop), (84 bytes).
    Removing stm32f7xx_hal_uart.o(i.HAL_UART_DeInit), (64 bytes).
    Removing stm32f7xx_hal_uart.o(i.HAL_UART_GetError), (4 bytes).
    Removing stm32f7xx_hal_uart.o(i.HAL_UART_GetState), (12 bytes).
    Removing stm32f7xx_hal_uart.o(i.HAL_UART_MspDeInit), (2 bytes).
    Removing stm32f7xx_hal_uart.o(i.HAL_UART_MspInit), (2 bytes).
    Removing stm32f7xx_hal_uart.o(i.HAL_UART_Receive), (232 bytes).
    Removing stm32f7xx_hal_uart.o(i.HAL_UART_Receive_DMA), (148 bytes).
    Removing stm32f7xx_hal_uart.o(i.HAL_UART_RxCpltCallback), (2 bytes).
    Removing stm32f7xx_hal_uart.o(i.HAL_UART_RxHalfCpltCallback), (2 bytes).
    Removing stm32f7xx_hal_uart.o(i.HAL_UART_Transmit_DMA), (140 bytes).
    Removing stm32f7xx_hal_uart.o(i.HAL_UART_Transmit_IT), (66 bytes).
    Removing stm32f7xx_hal_uart.o(i.HAL_UART_TxHalfCpltCallback), (2 bytes).
    Removing stm32f7xx_hal_uart.o(i.UART_DMAError), (74 bytes).
    Removing stm32f7xx_hal_uart.o(i.UART_DMAReceiveCplt), (60 bytes).
    Removing stm32f7xx_hal_uart.o(i.UART_DMARxHalfCplt), (10 bytes).
    Removing stm32f7xx_hal_uart.o(i.UART_DMATransmitCplt), (46 bytes).
    Removing stm32f7xx_hal_uart.o(i.UART_DMATxHalfCplt), (10 bytes).
    Removing stm32f7xx_hal_uart.o(i.UART_EndTxTransfer), (18 bytes).
    Removing stm32f7xx_hal_rcc.o(.rev16_text), (4 bytes).
    Removing stm32f7xx_hal_rcc.o(.revsh_text), (4 bytes).
    Removing stm32f7xx_hal_rcc.o(.rrx_text), (6 bytes).
    Removing stm32f7xx_hal_rcc.o(i.HAL_RCC_CSSCallback), (2 bytes).
    Removing stm32f7xx_hal_rcc.o(i.HAL_RCC_DeInit), (320 bytes).
    Removing stm32f7xx_hal_rcc.o(i.HAL_RCC_DisableCSS), (16 bytes).
    Removing stm32f7xx_hal_rcc.o(i.HAL_RCC_EnableCSS), (16 bytes).
    Removing stm32f7xx_hal_rcc.o(i.HAL_RCC_GetClockConfig), (64 bytes).
    Removing stm32f7xx_hal_rcc.o(i.HAL_RCC_GetOscConfig), (176 bytes).
    Removing stm32f7xx_hal_rcc.o(i.HAL_RCC_MCOConfig), (148 bytes).
    Removing stm32f7xx_hal_rcc.o(i.HAL_RCC_NMI_IRQHandler), (28 bytes).
    Removing stm32f7xx_hal_rcc_ex.o(.rev16_text), (4 bytes).
    Removing stm32f7xx_hal_rcc_ex.o(.revsh_text), (4 bytes).
    Removing stm32f7xx_hal_rcc_ex.o(.rrx_text), (6 bytes).
    Removing stm32f7xx_hal_rcc_ex.o(i.HAL_RCCEx_DisablePLLI2S), (48 bytes).
    Removing stm32f7xx_hal_rcc_ex.o(i.HAL_RCCEx_DisablePLLSAI), (52 bytes).
    Removing stm32f7xx_hal_rcc_ex.o(i.HAL_RCCEx_EnablePLLI2S), (112 bytes).
    Removing stm32f7xx_hal_rcc_ex.o(i.HAL_RCCEx_EnablePLLSAI), (120 bytes).
    Removing stm32f7xx_hal_rcc_ex.o(i.HAL_RCCEx_GetPeriphCLKConfig), (308 bytes).
    Removing stm32f7xx_hal_rcc_ex.o(i.HAL_RCCEx_GetPeriphCLKFreq), (288 bytes).
    Removing stm32f7xx_hal_flash.o(.rev16_text), (4 bytes).
    Removing stm32f7xx_hal_flash.o(.revsh_text), (4 bytes).
    Removing stm32f7xx_hal_flash.o(.rrx_text), (6 bytes).
    Removing stm32f7xx_hal_flash.o(i.FLASH_Program_Byte), (36 bytes).
    Removing stm32f7xx_hal_flash.o(i.FLASH_Program_DoubleWord), (44 bytes).
    Removing stm32f7xx_hal_flash.o(i.FLASH_Program_HalfWord), (40 bytes).
    Removing stm32f7xx_hal_flash.o(i.FLASH_Program_Word), (40 bytes).
    Removing stm32f7xx_hal_flash.o(i.FLASH_SetErrorCode), (88 bytes).
    Removing stm32f7xx_hal_flash.o(i.FLASH_WaitForLastOperation), (84 bytes).
    Removing stm32f7xx_hal_flash.o(i.HAL_FLASH_EndOfOperationCallback), (2 bytes).
    Removing stm32f7xx_hal_flash.o(i.HAL_FLASH_GetError), (12 bytes).
    Removing stm32f7xx_hal_flash.o(i.HAL_FLASH_IRQHandler), (244 bytes).
    Removing stm32f7xx_hal_flash.o(i.HAL_FLASH_Lock), (20 bytes).
    Removing stm32f7xx_hal_flash.o(i.HAL_FLASH_OB_Launch), (24 bytes).
    Removing stm32f7xx_hal_flash.o(i.HAL_FLASH_OB_Lock), (20 bytes).
    Removing stm32f7xx_hal_flash.o(i.HAL_FLASH_OB_Unlock), (40 bytes).
    Removing stm32f7xx_hal_flash.o(i.HAL_FLASH_OperationErrorCallback), (2 bytes).
    Removing stm32f7xx_hal_flash.o(i.HAL_FLASH_Program), (132 bytes).
    Removing stm32f7xx_hal_flash.o(i.HAL_FLASH_Program_IT), (132 bytes).
    Removing stm32f7xx_hal_flash.o(i.HAL_FLASH_Unlock), (48 bytes).
    Removing stm32f7xx_hal_flash.o(.bss), (28 bytes).
    Removing stm32f7xx_hal_flash_ex.o(.rev16_text), (4 bytes).
    Removing stm32f7xx_hal_flash_ex.o(.revsh_text), (4 bytes).
    Removing stm32f7xx_hal_flash_ex.o(.rrx_text), (6 bytes).
    Removing stm32f7xx_hal_flash_ex.o(i.FLASH_Erase_Sector), (84 bytes).
    Removing stm32f7xx_hal_flash_ex.o(i.FLASH_MassErase), (44 bytes).
    Removing stm32f7xx_hal_flash_ex.o(i.FLASH_OB_BootAddressConfig), (48 bytes).
    Removing stm32f7xx_hal_flash_ex.o(i.FLASH_OB_GetBootAddress), (20 bytes).
    Removing stm32f7xx_hal_flash_ex.o(i.HAL_FLASHEx_Erase), (140 bytes).
    Removing stm32f7xx_hal_flash_ex.o(i.HAL_FLASHEx_Erase_IT), (100 bytes).
    Removing stm32f7xx_hal_flash_ex.o(i.HAL_FLASHEx_OBGetConfig), (80 bytes).
    Removing stm32f7xx_hal_flash_ex.o(i.HAL_FLASHEx_OBProgram), (236 bytes).
    Removing stm32f7xx_hal_gpio.o(.rev16_text), (4 bytes).
    Removing stm32f7xx_hal_gpio.o(.revsh_text), (4 bytes).
    Removing stm32f7xx_hal_gpio.o(.rrx_text), (6 bytes).
    Removing stm32f7xx_hal_gpio.o(i.HAL_GPIO_DeInit), (340 bytes).
    Removing stm32f7xx_hal_gpio.o(i.HAL_GPIO_LockPin), (34 bytes).
    Removing stm32f7xx_hal_dma.o(.rev16_text), (4 bytes).
    Removing stm32f7xx_hal_dma.o(.revsh_text), (4 bytes).
    Removing stm32f7xx_hal_dma.o(.rrx_text), (6 bytes).
    Removing stm32f7xx_hal_dma.o(i.HAL_DMA_Abort), (146 bytes).
    Removing stm32f7xx_hal_dma.o(i.HAL_DMA_DeInit), (98 bytes).
    Removing stm32f7xx_hal_dma.o(i.HAL_DMA_GetError), (4 bytes).
    Removing stm32f7xx_hal_dma.o(i.HAL_DMA_GetState), (6 bytes).
    Removing stm32f7xx_hal_dma.o(i.HAL_DMA_PollForTransfer), (292 bytes).
    Removing stm32f7xx_hal_dma.o(i.HAL_DMA_RegisterCallback), (80 bytes).
    Removing stm32f7xx_hal_dma.o(i.HAL_DMA_Start), (74 bytes).
    Removing stm32f7xx_hal_dma.o(i.HAL_DMA_UnRegisterCallback), (96 bytes).
    Removing stm32f7xx_hal_dma_ex.o(.rev16_text), (4 bytes).
    Removing stm32f7xx_hal_dma_ex.o(.revsh_text), (4 bytes).
    Removing stm32f7xx_hal_dma_ex.o(.rrx_text), (6 bytes).
    Removing stm32f7xx_hal_dma_ex.o(i.DMA_MultiBufferSetConfig), (30 bytes).
    Removing stm32f7xx_hal_dma_ex.o(i.HAL_DMAEx_ChangeMemory), (14 bytes).
    Removing stm32f7xx_hal_dma_ex.o(i.HAL_DMAEx_MultiBufferStart), (100 bytes).
    Removing stm32f7xx_hal_dma_ex.o(i.HAL_DMAEx_MultiBufferStart_IT), (2428 bytes).
    Removing stm32f7xx_hal_pwr.o(.rev16_text), (4 bytes).
    Removing stm32f7xx_hal_pwr.o(.revsh_text), (4 bytes).
    Removing stm32f7xx_hal_pwr.o(.rrx_text), (6 bytes).
    Removing stm32f7xx_hal_pwr.o(i.HAL_PWR_ConfigPVD), (124 bytes).
    Removing stm32f7xx_hal_pwr.o(i.HAL_PWR_DeInit), (24 bytes).
    Removing stm32f7xx_hal_pwr.o(i.HAL_PWR_DisableBkUpAccess), (16 bytes).
    Removing stm32f7xx_hal_pwr.o(i.HAL_PWR_DisablePVD), (16 bytes).
    Removing stm32f7xx_hal_pwr.o(i.HAL_PWR_DisableSEVOnPend), (16 bytes).
    Removing stm32f7xx_hal_pwr.o(i.HAL_PWR_DisableSleepOnExit), (16 bytes).
    Removing stm32f7xx_hal_pwr.o(i.HAL_PWR_DisableWakeUpPin), (16 bytes).
    Removing stm32f7xx_hal_pwr.o(i.HAL_PWR_EnableBkUpAccess), (16 bytes).
    Removing stm32f7xx_hal_pwr.o(i.HAL_PWR_EnablePVD), (16 bytes).
    Removing stm32f7xx_hal_pwr.o(i.HAL_PWR_EnableSEVOnPend), (16 bytes).
    Removing stm32f7xx_hal_pwr.o(i.HAL_PWR_EnableSleepOnExit), (16 bytes).
    Removing stm32f7xx_hal_pwr.o(i.HAL_PWR_EnableWakeUpPin), (28 bytes).
    Removing stm32f7xx_hal_pwr.o(i.HAL_PWR_EnterSLEEPMode), (40 bytes).
    Removing stm32f7xx_hal_pwr.o(i.HAL_PWR_EnterSTANDBYMode), (32 bytes).
    Removing stm32f7xx_hal_pwr.o(i.HAL_PWR_EnterSTOPMode), (64 bytes).
    Removing stm32f7xx_hal_pwr.o(i.HAL_PWR_PVDCallback), (2 bytes).
    Removing stm32f7xx_hal_pwr.o(i.HAL_PWR_PVD_IRQHandler), (28 bytes).
    Removing stm32f7xx_hal_pwr_ex.o(.rev16_text), (4 bytes).
    Removing stm32f7xx_hal_pwr_ex.o(.revsh_text), (4 bytes).
    Removing stm32f7xx_hal_pwr_ex.o(.rrx_text), (6 bytes).
    Removing stm32f7xx_hal_pwr_ex.o(i.HAL_PWREx_ControlVoltageScaling), (176 bytes).
    Removing stm32f7xx_hal_pwr_ex.o(i.HAL_PWREx_DisableBkUpReg), (64 bytes).
    Removing stm32f7xx_hal_pwr_ex.o(i.HAL_PWREx_DisableFlashPowerDown), (16 bytes).
    Removing stm32f7xx_hal_pwr_ex.o(i.HAL_PWREx_DisableLowRegulatorLowVoltage), (16 bytes).
    Removing stm32f7xx_hal_pwr_ex.o(i.HAL_PWREx_DisableMainRegulatorLowVoltage), (16 bytes).
    Removing stm32f7xx_hal_pwr_ex.o(i.HAL_PWREx_DisableOverDrive), (108 bytes).
    Removing stm32f7xx_hal_pwr_ex.o(i.HAL_PWREx_EnableBkUpReg), (64 bytes).
    Removing stm32f7xx_hal_pwr_ex.o(i.HAL_PWREx_EnableFlashPowerDown), (16 bytes).
    Removing stm32f7xx_hal_pwr_ex.o(i.HAL_PWREx_EnableLowRegulatorLowVoltage), (16 bytes).
    Removing stm32f7xx_hal_pwr_ex.o(i.HAL_PWREx_EnableMainRegulatorLowVoltage), (16 bytes).
    Removing stm32f7xx_hal_pwr_ex.o(i.HAL_PWREx_EnterUnderDriveSTOPMode), (144 bytes).
    Removing stm32f7xx_hal_pwr_ex.o(i.HAL_PWREx_GetVoltageRange), (16 bytes).
    Removing stm32f7xx_hal.o(.rev16_text), (4 bytes).
    Removing stm32f7xx_hal.o(.revsh_text), (4 bytes).
    Removing stm32f7xx_hal.o(.rrx_text), (6 bytes).
    Removing stm32f7xx_hal.o(i.HAL_DBGMCU_DisableDBGSleepMode), (16 bytes).
    Removing stm32f7xx_hal.o(i.HAL_DBGMCU_DisableDBGStandbyMode), (16 bytes).
    Removing stm32f7xx_hal.o(i.HAL_DBGMCU_DisableDBGStopMode), (16 bytes).
    Removing stm32f7xx_hal.o(i.HAL_DBGMCU_EnableDBGSleepMode), (16 bytes).
    Removing stm32f7xx_hal.o(i.HAL_DBGMCU_EnableDBGStandbyMode), (16 bytes).
    Removing stm32f7xx_hal.o(i.HAL_DBGMCU_EnableDBGStopMode), (16 bytes).
    Removing stm32f7xx_hal.o(i.HAL_DeInit), (52 bytes).
    Removing stm32f7xx_hal.o(i.HAL_DisableCompensationCell), (16 bytes).
    Removing stm32f7xx_hal.o(i.HAL_DisableFMCMemorySwapping), (16 bytes).
    Removing stm32f7xx_hal.o(i.HAL_EnableCompensationCell), (16 bytes).
    Removing stm32f7xx_hal.o(i.HAL_EnableFMCMemorySwapping), (16 bytes).
    Removing stm32f7xx_hal.o(i.HAL_GetDEVID), (16 bytes).
    Removing stm32f7xx_hal.o(i.HAL_GetHalVersion), (8 bytes).
    Removing stm32f7xx_hal.o(i.HAL_GetREVID), (12 bytes).
    Removing stm32f7xx_hal.o(i.HAL_GetTickFreq), (12 bytes).
    Removing stm32f7xx_hal.o(i.HAL_GetTickPrio), (12 bytes).
    Removing stm32f7xx_hal.o(i.HAL_GetUIDw0), (12 bytes).
    Removing stm32f7xx_hal.o(i.HAL_GetUIDw1), (12 bytes).
    Removing stm32f7xx_hal.o(i.HAL_GetUIDw2), (12 bytes).
    Removing stm32f7xx_hal.o(i.HAL_MspDeInit), (2 bytes).
    Removing stm32f7xx_hal.o(i.HAL_MspInit), (2 bytes).
    Removing stm32f7xx_hal.o(i.HAL_ResumeTick), (14 bytes).
    Removing stm32f7xx_hal.o(i.HAL_SetTickFreq), (32 bytes).
    Removing stm32f7xx_hal.o(i.HAL_SuspendTick), (14 bytes).
    Removing stm32f7xx_hal_i2c.o(.rev16_text), (4 bytes).
    Removing stm32f7xx_hal_i2c.o(.revsh_text), (4 bytes).
    Removing stm32f7xx_hal_i2c.o(.rrx_text), (6 bytes).
    Removing stm32f7xx_hal_i2c.o(i.HAL_I2C_AbortCpltCallback), (2 bytes).
    Removing stm32f7xx_hal_i2c.o(i.HAL_I2C_AddrCallback), (2 bytes).
    Removing stm32f7xx_hal_i2c.o(i.HAL_I2C_DeInit), (52 bytes).
    Removing stm32f7xx_hal_i2c.o(i.HAL_I2C_DisableListen_IT), (54 bytes).
    Removing stm32f7xx_hal_i2c.o(i.HAL_I2C_ER_IRQHandler), (98 bytes).
    Removing stm32f7xx_hal_i2c.o(i.HAL_I2C_EV_IRQHandler), (16 bytes).
    Removing stm32f7xx_hal_i2c.o(i.HAL_I2C_EnableListen_IT), (40 bytes).
    Removing stm32f7xx_hal_i2c.o(i.HAL_I2C_ErrorCallback), (2 bytes).
    Removing stm32f7xx_hal_i2c.o(i.HAL_I2C_GetError), (4 bytes).
    Removing stm32f7xx_hal_i2c.o(i.HAL_I2C_GetMode), (6 bytes).
    Removing stm32f7xx_hal_i2c.o(i.HAL_I2C_GetState), (6 bytes).
    Removing stm32f7xx_hal_i2c.o(i.HAL_I2C_Init), (184 bytes).
    Removing stm32f7xx_hal_i2c.o(i.HAL_I2C_IsDeviceReady), (288 bytes).
    Removing stm32f7xx_hal_i2c.o(i.HAL_I2C_ListenCpltCallback), (2 bytes).
    Removing stm32f7xx_hal_i2c.o(i.HAL_I2C_MasterRxCpltCallback), (2 bytes).
    Removing stm32f7xx_hal_i2c.o(i.HAL_I2C_MasterTxCpltCallback), (2 bytes).
    Removing stm32f7xx_hal_i2c.o(i.HAL_I2C_Master_Abort_IT), (96 bytes).
    Removing stm32f7xx_hal_i2c.o(i.HAL_I2C_Master_Receive), (304 bytes).
    Removing stm32f7xx_hal_i2c.o(i.HAL_I2C_Master_Receive_DMA), (244 bytes).
    Removing stm32f7xx_hal_i2c.o(i.HAL_I2C_Master_Receive_IT), (132 bytes).
    Removing stm32f7xx_hal_i2c.o(i.HAL_I2C_Master_Sequential_Receive_IT), (124 bytes).
    Removing stm32f7xx_hal_i2c.o(i.HAL_I2C_Master_Sequential_Transmit_IT), (124 bytes).
    Removing stm32f7xx_hal_i2c.o(i.HAL_I2C_Master_Transmit), (300 bytes).
    Removing stm32f7xx_hal_i2c.o(i.HAL_I2C_Master_Transmit_DMA), (248 bytes).
    Removing stm32f7xx_hal_i2c.o(i.HAL_I2C_Master_Transmit_IT), (132 bytes).
    Removing stm32f7xx_hal_i2c.o(i.HAL_I2C_MemRxCpltCallback), (2 bytes).
    Removing stm32f7xx_hal_i2c.o(i.HAL_I2C_MemTxCpltCallback), (2 bytes).
    Removing stm32f7xx_hal_i2c.o(i.HAL_I2C_Mem_Read), (368 bytes).
    Removing stm32f7xx_hal_i2c.o(i.HAL_I2C_Mem_Read_DMA), (256 bytes).
    Removing stm32f7xx_hal_i2c.o(i.HAL_I2C_Mem_Read_IT), (196 bytes).
    Removing stm32f7xx_hal_i2c.o(i.HAL_I2C_Mem_Write), (360 bytes).
    Removing stm32f7xx_hal_i2c.o(i.HAL_I2C_Mem_Write_DMA), (252 bytes).
    Removing stm32f7xx_hal_i2c.o(i.HAL_I2C_Mem_Write_IT), (192 bytes).
    Removing stm32f7xx_hal_i2c.o(i.HAL_I2C_MspDeInit), (2 bytes).
    Removing stm32f7xx_hal_i2c.o(i.HAL_I2C_MspInit), (2 bytes).
    Removing stm32f7xx_hal_i2c.o(i.HAL_I2C_SlaveRxCpltCallback), (2 bytes).
    Removing stm32f7xx_hal_i2c.o(i.HAL_I2C_SlaveTxCpltCallback), (2 bytes).
    Removing stm32f7xx_hal_i2c.o(i.HAL_I2C_Slave_Receive), (312 bytes).
    Removing stm32f7xx_hal_i2c.o(i.HAL_I2C_Slave_Receive_DMA), (164 bytes).
    Removing stm32f7xx_hal_i2c.o(i.HAL_I2C_Slave_Receive_IT), (92 bytes).
    Removing stm32f7xx_hal_i2c.o(i.HAL_I2C_Slave_Sequential_Receive_IT), (152 bytes).
    Removing stm32f7xx_hal_i2c.o(i.HAL_I2C_Slave_Sequential_Transmit_IT), (152 bytes).
    Removing stm32f7xx_hal_i2c.o(i.HAL_I2C_Slave_Transmit), (316 bytes).
    Removing stm32f7xx_hal_i2c.o(i.HAL_I2C_Slave_Transmit_DMA), (156 bytes).
    Removing stm32f7xx_hal_i2c.o(i.HAL_I2C_Slave_Transmit_IT), (92 bytes).
    Removing stm32f7xx_hal_i2c.o(i.I2C_DMAAbort), (50 bytes).
    Removing stm32f7xx_hal_i2c.o(i.I2C_DMAError), (18 bytes).
    Removing stm32f7xx_hal_i2c.o(i.I2C_DMAMasterReceiveCplt), (66 bytes).
    Removing stm32f7xx_hal_i2c.o(i.I2C_DMAMasterTransmitCplt), (66 bytes).
    Removing stm32f7xx_hal_i2c.o(i.I2C_DMASlaveReceiveCplt), (2 bytes).
    Removing stm32f7xx_hal_i2c.o(i.I2C_DMASlaveTransmitCplt), (2 bytes).
    Removing stm32f7xx_hal_i2c.o(i.I2C_Disable_IRQ), (88 bytes).
    Removing stm32f7xx_hal_i2c.o(i.I2C_Enable_IRQ), (96 bytes).
    Removing stm32f7xx_hal_i2c.o(i.I2C_Flush_TXDR), (34 bytes).
    Removing stm32f7xx_hal_i2c.o(i.I2C_ITAddrCplt), (136 bytes).
    Removing stm32f7xx_hal_i2c.o(i.I2C_ITError), (224 bytes).
    Removing stm32f7xx_hal_i2c.o(i.I2C_ITListenCplt), (96 bytes).
    Removing stm32f7xx_hal_i2c.o(i.I2C_ITMasterCplt), (180 bytes).
    Removing stm32f7xx_hal_i2c.o(i.I2C_ITMasterSequentialCplt), (80 bytes).
    Removing stm32f7xx_hal_i2c.o(i.I2C_ITSlaveCplt), (240 bytes).
    Removing stm32f7xx_hal_i2c.o(i.I2C_ITSlaveSequentialCplt), (84 bytes).
    Removing stm32f7xx_hal_i2c.o(i.I2C_IsAcknowledgeFailed), (124 bytes).
    Removing stm32f7xx_hal_i2c.o(i.I2C_Master_ISR_DMA), (196 bytes).
    Removing stm32f7xx_hal_i2c.o(i.I2C_Master_ISR_IT), (288 bytes).
    Removing stm32f7xx_hal_i2c.o(i.I2C_RequestMemoryRead), (112 bytes).
    Removing stm32f7xx_hal_i2c.o(i.I2C_RequestMemoryWrite), (112 bytes).
    Removing stm32f7xx_hal_i2c.o(i.I2C_Slave_ISR_DMA), (106 bytes).
    Removing stm32f7xx_hal_i2c.o(i.I2C_Slave_ISR_IT), (276 bytes).
    Removing stm32f7xx_hal_i2c.o(i.I2C_TransferConfig), (44 bytes).
    Removing stm32f7xx_hal_i2c.o(i.I2C_WaitOnFlagUntilTimeout), (82 bytes).
    Removing stm32f7xx_hal_i2c.o(i.I2C_WaitOnRXNEFlagUntilTimeout), (140 bytes).
    Removing stm32f7xx_hal_i2c.o(i.I2C_WaitOnSTOPFlagUntilTimeout), (80 bytes).
    Removing stm32f7xx_hal_i2c.o(i.I2C_WaitOnTXISFlagUntilTimeout), (84 bytes).
    Removing stm32f7xx_hal_i2c_ex.o(.rev16_text), (4 bytes).
    Removing stm32f7xx_hal_i2c_ex.o(.revsh_text), (4 bytes).
    Removing stm32f7xx_hal_i2c_ex.o(.rrx_text), (6 bytes).
    Removing stm32f7xx_hal_i2c_ex.o(i.HAL_I2CEx_ConfigAnalogFilter), (88 bytes).
    Removing stm32f7xx_hal_i2c_ex.o(i.HAL_I2CEx_ConfigDigitalFilter), (84 bytes).
    Removing system_stm32f7xx.o(.rev16_text), (4 bytes).
    Removing system_stm32f7xx.o(.revsh_text), (4 bytes).
    Removing system_stm32f7xx.o(.rrx_text), (6 bytes).
    Removing system_stm32f7xx.o(i.SystemCoreClockUpdate), (132 bytes).

375 unused section(s) (total 27484 bytes) removed from the image.

==============================================================================

Image Symbol Table

    Local Symbols

    Symbol Name                              Value     Ov Type        Size  Object(Section)

    ..//Src/system_stm32f7xx.c               0x00000000   Number         0  system_stm32f7xx.o ABSOLUTE
    ../Drivers/STM32F7xx_HAL_Driver/Src/stm32f7xx_hal.c 0x00000000   Number         0  stm32f7xx_hal.o ABSOLUTE
    ../Drivers/STM32F7xx_HAL_Driver/Src/stm32f7xx_hal_adc.c 0x00000000   Number         0  stm32f7xx_hal_adc.o ABSOLUTE
    ../Drivers/STM32F7xx_HAL_Driver/Src/stm32f7xx_hal_adc_ex.c 0x00000000   Number         0  stm32f7xx_hal_adc_ex.o ABSOLUTE
    ../Drivers/STM32F7xx_HAL_Driver/Src/stm32f7xx_hal_cortex.c 0x00000000   Number         0  stm32f7xx_hal_cortex.o ABSOLUTE
    ../Drivers/STM32F7xx_HAL_Driver/Src/stm32f7xx_hal_dma.c 0x00000000   Number         0  stm32f7xx_hal_dma.o ABSOLUTE
    ../Drivers/STM32F7xx_HAL_Driver/Src/stm32f7xx_hal_dma_ex.c 0x00000000   Number         0  stm32f7xx_hal_dma_ex.o ABSOLUTE
    ../Drivers/STM32F7xx_HAL_Driver/Src/stm32f7xx_hal_flash.c 0x00000000   Number         0  stm32f7xx_hal_flash.o ABSOLUTE
    ../Drivers/STM32F7xx_HAL_Driver/Src/stm32f7xx_hal_flash_ex.c 0x00000000   Number         0  stm32f7xx_hal_flash_ex.o ABSOLUTE
    ../Drivers/STM32F7xx_HAL_Driver/Src/stm32f7xx_hal_gpio.c 0x00000000   Number         0  stm32f7xx_hal_gpio.o ABSOLUTE
    ../Drivers/STM32F7xx_HAL_Driver/Src/stm32f7xx_hal_i2c.c 0x00000000   Number         0  stm32f7xx_hal_i2c.o ABSOLUTE
    ../Drivers/STM32F7xx_HAL_Driver/Src/stm32f7xx_hal_i2c_ex.c 0x00000000   Number         0  stm32f7xx_hal_i2c_ex.o ABSOLUTE
    ../Drivers/STM32F7xx_HAL_Driver/Src/stm32f7xx_hal_pwr.c 0x00000000   Number         0  stm32f7xx_hal_pwr.o ABSOLUTE
    ../Drivers/STM32F7xx_HAL_Driver/Src/stm32f7xx_hal_pwr_ex.c 0x00000000   Number         0  stm32f7xx_hal_pwr_ex.o ABSOLUTE
    ../Drivers/STM32F7xx_HAL_Driver/Src/stm32f7xx_hal_qspi.c 0x00000000   Number         0  stm32f7xx_hal_qspi.o ABSOLUTE
    ../Drivers/STM32F7xx_HAL_Driver/Src/stm32f7xx_hal_rcc.c 0x00000000   Number         0  stm32f7xx_hal_rcc.o ABSOLUTE
    ../Drivers/STM32F7xx_HAL_Driver/Src/stm32f7xx_hal_rcc_ex.c 0x00000000   Number         0  stm32f7xx_hal_rcc_ex.o ABSOLUTE
    ../Drivers/STM32F7xx_HAL_Driver/Src/stm32f7xx_hal_tim.c 0x00000000   Number         0  stm32f7xx_hal_tim.o ABSOLUTE
    ../Drivers/STM32F7xx_HAL_Driver/Src/stm32f7xx_hal_tim_ex.c 0x00000000   Number         0  stm32f7xx_hal_tim_ex.o ABSOLUTE
    ../Drivers/STM32F7xx_HAL_Driver/Src/stm32f7xx_hal_uart.c 0x00000000   Number         0  stm32f7xx_hal_uart.o ABSOLUTE
    ../Src/main.c                            0x00000000   Number         0  main.o ABSOLUTE
    ../Src/stm32f7xx_hal_msp.c               0x00000000   Number         0  stm32f7xx_hal_msp.o ABSOLUTE
    ../Src/stm32f7xx_it.c                    0x00000000   Number         0  stm32f7xx_it.o ABSOLUTE
    ../clib/microlib/division.c              0x00000000   Number         0  uldiv.o ABSOLUTE
    ../clib/microlib/init/entry.s            0x00000000   Number         0  entry9a.o ABSOLUTE
    ../clib/microlib/init/entry.s            0x00000000   Number         0  entry8b.o ABSOLUTE
    ../clib/microlib/init/entry.s            0x00000000   Number         0  entry5.o ABSOLUTE
    ../clib/microlib/init/entry.s            0x00000000   Number         0  entry11b.o ABSOLUTE
    ../clib/microlib/init/entry.s            0x00000000   Number         0  entry11a.o ABSOLUTE
    ../clib/microlib/init/entry.s            0x00000000   Number         0  entry10b.o ABSOLUTE
    ../clib/microlib/init/entry.s            0x00000000   Number         0  entry10a.o ABSOLUTE
    ../clib/microlib/init/entry.s            0x00000000   Number         0  entry9b.o ABSOLUTE
    ../clib/microlib/init/entry.s            0x00000000   Number         0  entry8a.o ABSOLUTE
    ../clib/microlib/init/entry.s            0x00000000   Number         0  entry7b.o ABSOLUTE
    ../clib/microlib/init/entry.s            0x00000000   Number         0  entry7a.o ABSOLUTE
    ../clib/microlib/init/entry.s            0x00000000   Number         0  entry2.o ABSOLUTE
    ../clib/microlib/init/entry.s            0x00000000   Number         0  entry.o ABSOLUTE
    ../clib/microlib/longlong.c              0x00000000   Number         0  llushr.o ABSOLUTE
    ../clib/microlib/longlong.c              0x00000000   Number         0  llshl.o ABSOLUTE
    ..\Drivers\STM32F7xx_HAL_Driver\Src\stm32f7xx_hal.c 0x00000000   Number         0  stm32f7xx_hal.o ABSOLUTE
    ..\Drivers\STM32F7xx_HAL_Driver\Src\stm32f7xx_hal_adc.c 0x00000000   Number         0  stm32f7xx_hal_adc.o ABSOLUTE
    ..\Drivers\STM32F7xx_HAL_Driver\Src\stm32f7xx_hal_adc_ex.c 0x00000000   Number         0  stm32f7xx_hal_adc_ex.o ABSOLUTE
    ..\Drivers\STM32F7xx_HAL_Driver\Src\stm32f7xx_hal_cortex.c 0x00000000   Number         0  stm32f7xx_hal_cortex.o ABSOLUTE
    ..\Drivers\STM32F7xx_HAL_Driver\Src\stm32f7xx_hal_dma.c 0x00000000   Number         0  stm32f7xx_hal_dma.o ABSOLUTE
    ..\Drivers\STM32F7xx_HAL_Driver\Src\stm32f7xx_hal_dma_ex.c 0x00000000   Number         0  stm32f7xx_hal_dma_ex.o ABSOLUTE
    ..\Drivers\STM32F7xx_HAL_Driver\Src\stm32f7xx_hal_flash.c 0x00000000   Number         0  stm32f7xx_hal_flash.o ABSOLUTE
    ..\Drivers\STM32F7xx_HAL_Driver\Src\stm32f7xx_hal_flash_ex.c 0x00000000   Number         0  stm32f7xx_hal_flash_ex.o ABSOLUTE
    ..\Drivers\STM32F7xx_HAL_Driver\Src\stm32f7xx_hal_gpio.c 0x00000000   Number         0  stm32f7xx_hal_gpio.o ABSOLUTE
    ..\Drivers\STM32F7xx_HAL_Driver\Src\stm32f7xx_hal_i2c.c 0x00000000   Number         0  stm32f7xx_hal_i2c.o ABSOLUTE
    ..\Drivers\STM32F7xx_HAL_Driver\Src\stm32f7xx_hal_i2c_ex.c 0x00000000   Number         0  stm32f7xx_hal_i2c_ex.o ABSOLUTE
    ..\Drivers\STM32F7xx_HAL_Driver\Src\stm32f7xx_hal_pwr.c 0x00000000   Number         0  stm32f7xx_hal_pwr.o ABSOLUTE
    ..\Drivers\STM32F7xx_HAL_Driver\Src\stm32f7xx_hal_pwr_ex.c 0x00000000   Number         0  stm32f7xx_hal_pwr_ex.o ABSOLUTE
    ..\Drivers\STM32F7xx_HAL_Driver\Src\stm32f7xx_hal_qspi.c 0x00000000   Number         0  stm32f7xx_hal_qspi.o ABSOLUTE
    ..\Drivers\STM32F7xx_HAL_Driver\Src\stm32f7xx_hal_rcc.c 0x00000000   Number         0  stm32f7xx_hal_rcc.o ABSOLUTE
    ..\Drivers\STM32F7xx_HAL_Driver\Src\stm32f7xx_hal_rcc_ex.c 0x00000000   Number         0  stm32f7xx_hal_rcc_ex.o ABSOLUTE
    ..\Drivers\STM32F7xx_HAL_Driver\Src\stm32f7xx_hal_tim.c 0x00000000   Number         0  stm32f7xx_hal_tim.o ABSOLUTE
    ..\Drivers\STM32F7xx_HAL_Driver\Src\stm32f7xx_hal_tim_ex.c 0x00000000   Number         0  stm32f7xx_hal_tim_ex.o ABSOLUTE
    ..\Drivers\STM32F7xx_HAL_Driver\Src\stm32f7xx_hal_uart.c 0x00000000   Number         0  stm32f7xx_hal_uart.o ABSOLUTE
    ..\Src\main.c                            0x00000000   Number         0  main.o ABSOLUTE
    ..\Src\stm32f7xx_hal_msp.c               0x00000000   Number         0  stm32f7xx_hal_msp.o ABSOLUTE
    ..\Src\stm32f7xx_it.c                    0x00000000   Number         0  stm32f7xx_it.o ABSOLUTE
    ..\\Src\system_stm32f7xx.c               0x00000000   Number         0  system_stm32f7xx.o ABSOLUTE
    dc.s                                     0x00000000   Number         0  dc.o ABSOLUTE
    fput_debug.c                             0x00000000   Number         0  fput_debug.o ABSOLUTE
    fput_debug.c                             0x00000000   Number         0  fput_debug.o ABSOLUTE
    handlers.s                               0x00000000   Number         0  handlers.o ABSOLUTE
    init.s                                   0x00000000   Number         0  init.o ABSOLUTE
    startup_stm32f746xx.s                    0x00000000   Number         0  startup_stm32f746xx.o ABSOLUTE
    RESET                                    0x08000000   Section      456  startup_stm32f746xx.o(RESET)
    .ARM.Collect$$$$00000000                 0x080001c8   Section        0  entry.o(.ARM.Collect$$$$00000000)
    .ARM.Collect$$$$00000001                 0x080001c8   Section        4  entry2.o(.ARM.Collect$$$$00000001)
    .ARM.Collect$$$$00000004                 0x080001cc   Section        4  entry5.o(.ARM.Collect$$$$00000004)
    .ARM.Collect$$$$00000008                 0x080001d0   Section        0  entry7b.o(.ARM.Collect$$$$00000008)
    .ARM.Collect$$$$0000000A                 0x080001d0   Section        0  entry8b.o(.ARM.Collect$$$$0000000A)
    .ARM.Collect$$$$0000000B                 0x080001d0   Section        8  entry9a.o(.ARM.Collect$$$$0000000B)
    .ARM.Collect$$$$0000000D                 0x080001d8   Section        0  entry10a.o(.ARM.Collect$$$$0000000D)
    .ARM.Collect$$$$0000000F                 0x080001d8   Section        0  entry11a.o(.ARM.Collect$$$$0000000F)
    .ARM.Collect$$$$00002712                 0x080001d8   Section        4  entry2.o(.ARM.Collect$$$$00002712)
    __lit__00000000                          0x080001d8   Data           4  entry2.o(.ARM.Collect$$$$00002712)
    .text                                    0x080001dc   Section       36  startup_stm32f746xx.o(.text)
    $v0                                      0x080001dc   Number         0  startup_stm32f746xx.o(.text)
    .text                                    0x08000200   Section        0  uldiv.o(.text)
    .text                                    0x08000262   Section        0  llshl.o(.text)
    .text                                    0x08000280   Section        0  llushr.o(.text)
    .text                                    0x080002a0   Section       36  init.o(.text)
    i.ADC_DMAConvCplt                        0x080002c4   Section        0  stm32f7xx_hal_adc.o(i.ADC_DMAConvCplt)
    ADC_DMAConvCplt                          0x080002c5   Thumb Code    98  stm32f7xx_hal_adc.o(i.ADC_DMAConvCplt)
    i.ADC_DMAError                           0x08000326   Section        0  stm32f7xx_hal_adc.o(i.ADC_DMAError)
    ADC_DMAError                             0x08000327   Thumb Code    22  stm32f7xx_hal_adc.o(i.ADC_DMAError)
    i.ADC_DMAHalfConvCplt                    0x0800033c   Section        0  stm32f7xx_hal_adc.o(i.ADC_DMAHalfConvCplt)
    ADC_DMAHalfConvCplt                      0x0800033d   Thumb Code    10  stm32f7xx_hal_adc.o(i.ADC_DMAHalfConvCplt)
    i.ADC_IRQHandler                         0x08000348   Section        0  stm32f7xx_it.o(i.ADC_IRQHandler)
    i.ADC_Init                               0x08000354   Section        0  stm32f7xx_hal_adc.o(i.ADC_Init)
    ADC_Init                                 0x08000355   Thumb Code   294  stm32f7xx_hal_adc.o(i.ADC_Init)
    i.BusFault_Handler                       0x08000488   Section        0  stm32f7xx_it.o(i.BusFault_Handler)
    i.CPU_CACHE_Enable                       0x0800048c   Section        0  main.o(i.CPU_CACHE_Enable)
    CPU_CACHE_Enable                         0x0800048d   Thumb Code   108  main.o(i.CPU_CACHE_Enable)
    i.DMA2_Stream0_IRQHandler                0x08000500   Section        0  stm32f7xx_it.o(i.DMA2_Stream0_IRQHandler)
    i.DMA2_Stream2_IRQHandler                0x0800050c   Section        0  stm32f7xx_it.o(i.DMA2_Stream2_IRQHandler)
    i.DMA2_Stream7_IRQHandler                0x08000518   Section        0  stm32f7xx_it.o(i.DMA2_Stream7_IRQHandler)
    i.DMA_CalcBaseAndBitshift                0x08000524   Section        0  stm32f7xx_hal_dma.o(i.DMA_CalcBaseAndBitshift)
    DMA_CalcBaseAndBitshift                  0x08000525   Thumb Code    34  stm32f7xx_hal_dma.o(i.DMA_CalcBaseAndBitshift)
    i.DMA_CheckFifoParam                     0x0800054c   Section        0  stm32f7xx_hal_dma.o(i.DMA_CheckFifoParam)
    DMA_CheckFifoParam                       0x0800054d   Thumb Code    84  stm32f7xx_hal_dma.o(i.DMA_CheckFifoParam)
    i.DMA_SetConfig                          0x080005a0   Section        0  stm32f7xx_hal_dma.o(i.DMA_SetConfig)
    DMA_SetConfig                            0x080005a1   Thumb Code    40  stm32f7xx_hal_dma.o(i.DMA_SetConfig)
    i.DebugMon_Handler                       0x080005c8   Section        0  stm32f7xx_it.o(i.DebugMon_Handler)
    i.EXTI15_10_IRQHandler                   0x080005cc   Section        0  stm32f7xx_it.o(i.EXTI15_10_IRQHandler)
    i.HAL_ADCEx_InjectedConvCpltCallback     0x080005f8   Section        0  stm32f7xx_hal_adc_ex.o(i.HAL_ADCEx_InjectedConvCpltCallback)
    i.HAL_ADC_ConfigChannel                  0x080005fc   Section        0  stm32f7xx_hal_adc.o(i.HAL_ADC_ConfigChannel)
    i.HAL_ADC_ConvCpltCallback               0x08000760   Section        0  main.o(i.HAL_ADC_ConvCpltCallback)
    i.HAL_ADC_ConvHalfCpltCallback           0x08000bc4   Section        0  stm32f7xx_hal_adc.o(i.HAL_ADC_ConvHalfCpltCallback)
    i.HAL_ADC_ErrorCallback                  0x08000bc6   Section        0  stm32f7xx_hal_adc.o(i.HAL_ADC_ErrorCallback)
    i.HAL_ADC_IRQHandler                     0x08000bc8   Section        0  stm32f7xx_hal_adc.o(i.HAL_ADC_IRQHandler)
    i.HAL_ADC_Init                           0x08000d04   Section        0  stm32f7xx_hal_adc.o(i.HAL_ADC_Init)
    i.HAL_ADC_LevelOutOfWindowCallback       0x08000d58   Section        0  stm32f7xx_hal_adc.o(i.HAL_ADC_LevelOutOfWindowCallback)
    i.HAL_ADC_MspInit                        0x08000d5c   Section        0  stm32f7xx_hal_msp.o(i.HAL_ADC_MspInit)
    i.HAL_ADC_Start_DMA                      0x08000e18   Section        0  stm32f7xx_hal_adc.o(i.HAL_ADC_Start_DMA)
    i.HAL_DMA_Abort_IT                       0x08000f14   Section        0  stm32f7xx_hal_dma.o(i.HAL_DMA_Abort_IT)
    i.HAL_DMA_IRQHandler                     0x08000f38   Section        0  stm32f7xx_hal_dma.o(i.HAL_DMA_IRQHandler)
    i.HAL_DMA_Init                           0x080010d8   Section        0  stm32f7xx_hal_dma.o(i.HAL_DMA_Init)
    i.HAL_DMA_Start_IT                       0x080011bc   Section        0  stm32f7xx_hal_dma.o(i.HAL_DMA_Start_IT)
    i.HAL_Delay                              0x08001238   Section        0  stm32f7xx_hal.o(i.HAL_Delay)
    i.HAL_GPIO_EXTI_Callback                 0x0800125c   Section        0  stm32f7xx_hal_gpio.o(i.HAL_GPIO_EXTI_Callback)
    i.HAL_GPIO_EXTI_IRQHandler               0x08001260   Section        0  stm32f7xx_hal_gpio.o(i.HAL_GPIO_EXTI_IRQHandler)
    i.HAL_GPIO_Init                          0x08001278   Section        0  stm32f7xx_hal_gpio.o(i.HAL_GPIO_Init)
    i.HAL_GPIO_ReadPin                       0x08001450   Section        0  stm32f7xx_hal_gpio.o(i.HAL_GPIO_ReadPin)
    i.HAL_GPIO_TogglePin                     0x0800145a   Section        0  stm32f7xx_hal_gpio.o(i.HAL_GPIO_TogglePin)
    i.HAL_GPIO_WritePin                      0x08001462   Section        0  stm32f7xx_hal_gpio.o(i.HAL_GPIO_WritePin)
    i.HAL_GetTick                            0x0800146c   Section        0  stm32f7xx_hal.o(i.HAL_GetTick)
    i.HAL_IncTick                            0x08001478   Section        0  stm32f7xx_hal.o(i.HAL_IncTick)
    i.HAL_Init                               0x08001488   Section        0  stm32f7xx_hal.o(i.HAL_Init)
    i.HAL_InitTick                           0x080014a0   Section        0  stm32f7xx_hal.o(i.HAL_InitTick)
    i.HAL_MspInit                            0x080014e0   Section        0  stm32f7xx_hal_msp.o(i.HAL_MspInit)
    i.HAL_NVIC_DisableIRQ                    0x08001564   Section        0  stm32f7xx_hal_cortex.o(i.HAL_NVIC_DisableIRQ)
    i.HAL_NVIC_EnableIRQ                     0x0800157a   Section        0  stm32f7xx_hal_cortex.o(i.HAL_NVIC_EnableIRQ)
    i.HAL_NVIC_SetPriority                   0x08001590   Section        0  stm32f7xx_hal_cortex.o(i.HAL_NVIC_SetPriority)
    i.HAL_NVIC_SetPriorityGrouping           0x080015d0   Section        0  stm32f7xx_hal_cortex.o(i.HAL_NVIC_SetPriorityGrouping)
    i.HAL_PWREx_EnableOverDrive              0x080015f4   Section        0  stm32f7xx_hal_pwr_ex.o(i.HAL_PWREx_EnableOverDrive)
    i.HAL_QSPI_Init                          0x08001660   Section        0  stm32f7xx_hal_qspi.o(i.HAL_QSPI_Init)
    i.HAL_QSPI_MspInit                       0x08001720   Section        0  stm32f7xx_hal_msp.o(i.HAL_QSPI_MspInit)
    i.HAL_RCCEx_PeriphCLKConfig              0x080017b4   Section        0  stm32f7xx_hal_rcc_ex.o(i.HAL_RCCEx_PeriphCLKConfig)
    i.HAL_RCC_ClockConfig                    0x08001cb0   Section        0  stm32f7xx_hal_rcc.o(i.HAL_RCC_ClockConfig)
    i.HAL_RCC_GetHCLKFreq                    0x08001ddc   Section        0  stm32f7xx_hal_rcc.o(i.HAL_RCC_GetHCLKFreq)
    i.HAL_RCC_GetPCLK1Freq                   0x08001de8   Section        0  stm32f7xx_hal_rcc.o(i.HAL_RCC_GetPCLK1Freq)
    i.HAL_RCC_GetPCLK2Freq                   0x08001e08   Section        0  stm32f7xx_hal_rcc.o(i.HAL_RCC_GetPCLK2Freq)
    i.HAL_RCC_GetSysClockFreq                0x08001e28   Section        0  stm32f7xx_hal_rcc.o(i.HAL_RCC_GetSysClockFreq)
    i.HAL_RCC_OscConfig                      0x08001e8c   Section        0  stm32f7xx_hal_rcc.o(i.HAL_RCC_OscConfig)
    i.HAL_SYSTICK_CLKSourceConfig            0x080021c4   Section        0  stm32f7xx_hal_cortex.o(i.HAL_SYSTICK_CLKSourceConfig)
    i.HAL_SYSTICK_Callback                   0x080021dc   Section        0  stm32f7xx_hal_cortex.o(i.HAL_SYSTICK_Callback)
    i.HAL_SYSTICK_Config                     0x080021de   Section        0  stm32f7xx_hal_cortex.o(i.HAL_SYSTICK_Config)
    i.HAL_SYSTICK_IRQHandler                 0x08002204   Section        0  stm32f7xx_hal_cortex.o(i.HAL_SYSTICK_IRQHandler)
    i.HAL_UART_ErrorCallback                 0x0800220c   Section        0  stm32f7xx_hal_uart.o(i.HAL_UART_ErrorCallback)
    i.HAL_UART_IRQHandler                    0x08002210   Section        0  stm32f7xx_hal_uart.o(i.HAL_UART_IRQHandler)
    i.HAL_UART_Init                          0x08002388   Section        0  stm32f7xx_hal_uart.o(i.HAL_UART_Init)
    i.HAL_UART_MspInit                       0x080023f4   Section        0  stm32f7xx_hal_msp.o(i.HAL_UART_MspInit)
    i.HAL_UART_Receive_IT                    0x080024fc   Section        0  stm32f7xx_hal_uart.o(i.HAL_UART_Receive_IT)
    i.HAL_UART_RxCpltCallback                0x0800258a   Section        0  main.o(i.HAL_UART_RxCpltCallback)
    i.HAL_UART_Transmit                      0x0800258c   Section        0  stm32f7xx_hal_uart.o(i.HAL_UART_Transmit)
    i.HAL_UART_TxCpltCallback                0x08002642   Section        0  stm32f7xx_hal_uart.o(i.HAL_UART_TxCpltCallback)
    i.HardFault_Handler                      0x08002644   Section        0  stm32f7xx_it.o(i.HardFault_Handler)
    i.MX_ADC3_Init                           0x08002648   Section        0  main.o(i.MX_ADC3_Init)
    MX_ADC3_Init                             0x08002649   Thumb Code   128  main.o(i.MX_ADC3_Init)
    i.MX_GPIO_Init                           0x080026d4   Section        0  main.o(i.MX_GPIO_Init)
    MX_GPIO_Init                             0x080026d5   Thumb Code  1386  main.o(i.MX_GPIO_Init)
    i.MX_QUADSPI_Init                        0x08002c54   Section        0  main.o(i.MX_QUADSPI_Init)
    MX_QUADSPI_Init                          0x08002c55   Thumb Code    42  main.o(i.MX_QUADSPI_Init)
    i.MX_USART1_UART_Init                    0x08002c88   Section        0  main.o(i.MX_USART1_UART_Init)
    MX_USART1_UART_Init                      0x08002c89   Thumb Code    46  main.o(i.MX_USART1_UART_Init)
    i.MemManage_Handler                      0x08002cc0   Section        0  stm32f7xx_it.o(i.MemManage_Handler)
    i.NMI_Handler                            0x08002cc2   Section        0  stm32f7xx_it.o(i.NMI_Handler)
    i.NVIC_SetPriority                       0x08002cc4   Section        0  stm32f7xx_hal_cortex.o(i.NVIC_SetPriority)
    NVIC_SetPriority                         0x08002cc5   Thumb Code    34  stm32f7xx_hal_cortex.o(i.NVIC_SetPriority)
    i.PendSV_Handler                         0x08002ce6   Section        0  stm32f7xx_it.o(i.PendSV_Handler)
    i.QSPI_WaitFlagStateUntilTimeout         0x08002ce8   Section        0  stm32f7xx_hal_qspi.o(i.QSPI_WaitFlagStateUntilTimeout)
    QSPI_WaitFlagStateUntilTimeout           0x08002ce9   Thumb Code    72  stm32f7xx_hal_qspi.o(i.QSPI_WaitFlagStateUntilTimeout)
    i.SVC_Handler                            0x08002d30   Section        0  stm32f7xx_it.o(i.SVC_Handler)
    i.SysTick_Handler                        0x08002d32   Section        0  stm32f7xx_it.o(i.SysTick_Handler)
    i.SystemClock_Config                     0x08002d40   Section        0  main.o(i.SystemClock_Config)
    i.SystemInit                             0x08002df8   Section        0  system_stm32f7xx.o(i.SystemInit)
    i.TransmitData                           0x08002e4c   Section        0  main.o(i.TransmitData)
    i.UART_AdvFeatureConfig                  0x08002e6c   Section        0  stm32f7xx_hal_uart.o(i.UART_AdvFeatureConfig)
    i.UART_CheckIdleState                    0x08002f34   Section        0  stm32f7xx_hal_uart.o(i.UART_CheckIdleState)
    i.UART_DMAAbortOnError                   0x08002f74   Section        0  stm32f7xx_hal_uart.o(i.UART_DMAAbortOnError)
    UART_DMAAbortOnError                     0x08002f75   Thumb Code    20  stm32f7xx_hal_uart.o(i.UART_DMAAbortOnError)
    i.UART_EndRxTransfer                     0x08002f88   Section        0  stm32f7xx_hal_uart.o(i.UART_EndRxTransfer)
    UART_EndRxTransfer                       0x08002f89   Thumb Code    28  stm32f7xx_hal_uart.o(i.UART_EndRxTransfer)
    i.UART_Receive_IT                        0x08002fa4   Section        0  stm32f7xx_hal_uart.o(i.UART_Receive_IT)
    UART_Receive_IT                          0x08002fa5   Thumb Code   120  stm32f7xx_hal_uart.o(i.UART_Receive_IT)
    i.UART_SetConfig                         0x0800301c   Section        0  stm32f7xx_hal_uart.o(i.UART_SetConfig)
    i.UART_WaitOnFlagUntilTimeout            0x08003274   Section        0  stm32f7xx_hal_uart.o(i.UART_WaitOnFlagUntilTimeout)
    i.USART1_IRQHandler                      0x080032d8   Section        0  stm32f7xx_it.o(i.USART1_IRQHandler)
    i.UsageFault_Handler                     0x080032e4   Section        0  stm32f7xx_it.o(i.UsageFault_Handler)
    i._Error_Handler                         0x080032e6   Section        0  main.o(i._Error_Handler)
    i.__scatterload_copy                     0x080032e8   Section       14  handlers.o(i.__scatterload_copy)
    i.__scatterload_null                     0x080032f6   Section        2  handlers.o(i.__scatterload_null)
    i.__scatterload_zeroinit                 0x080032f8   Section       14  handlers.o(i.__scatterload_zeroinit)
    i.main                                   0x08003308   Section        0  main.o(i.main)
    .constdata                               0x080034e0   Section        8  stm32f7xx_hal_dma.o(.constdata)
    flagBitshiftOffset                       0x080034e0   Data           8  stm32f7xx_hal_dma.o(.constdata)
    .constdata                               0x080034e8   Section       16  system_stm32f7xx.o(.constdata)
    .constdata                               0x080034f8   Section        8  system_stm32f7xx.o(.constdata)
    .data                                    0x20000000   Section       16  main.o(.data)
    .data                                    0x20000010   Section       12  stm32f7xx_hal.o(.data)
    .data                                    0x2000001c   Section        4  system_stm32f7xx.o(.data)
    .bss                                     0x20000020   Section    120500  main.o(.bss)
    .bss                                     0x2001d6d4   Section       96  main.o(.bss)
    .bss                                     0x2001d734   Section       96  main.o(.bss)
    .bss                                     0x2001d794   Section       96  main.o(.bss)
    STACK                                    0x2001d7f8   Section     1024  startup_stm32f746xx.o(STACK)

    Global Symbols

    Symbol Name                              Value     Ov Type        Size  Object(Section)

    BuildAttributes$$THM_ISAv4$E$P$D$K$B$S$7EM$VFPi5$EXTD16$VFPS$VFMA$PE$PLD8$A:L22UL41UL21$X:L11$S22US41US21$IEEE1$IW$USESV6$~STKCKD$USESV7$~SHL$OSPACE$EBA8$MICROLIB$REQ8$PRES8$EABIv2 0x00000000   Number         0  anon$$obj.o ABSOLUTE
    __ARM_use_no_argv                        0x00000000   Number         0  main.o ABSOLUTE
    __cpp_initialize__aeabi_                  - Undefined Weak Reference
    __cxa_finalize                            - Undefined Weak Reference
    __decompress                              - Undefined Weak Reference
    _clock_init                               - Undefined Weak Reference
    _microlib_exit                            - Undefined Weak Reference
    __Vectors_Size                           0x000001c8   Number         0  startup_stm32f746xx.o ABSOLUTE
    __Vectors                                0x08000000   Data           4  startup_stm32f746xx.o(RESET)
    __Vectors_End                            0x080001c8   Data           0  startup_stm32f746xx.o(RESET)
    __main                                   0x080001c9   Thumb Code     0  entry.o(.ARM.Collect$$$$00000000)
    _main_stk                                0x080001c9   Thumb Code     0  entry2.o(.ARM.Collect$$$$00000001)
    _main_scatterload                        0x080001cd   Thumb Code     0  entry5.o(.ARM.Collect$$$$00000004)
    __main_after_scatterload                 0x080001d1   Thumb Code     0  entry5.o(.ARM.Collect$$$$00000004)
    _main_clock                              0x080001d1   Thumb Code     0  entry7b.o(.ARM.Collect$$$$00000008)
    _main_cpp_init                           0x080001d1   Thumb Code     0  entry8b.o(.ARM.Collect$$$$0000000A)
    _main_init                               0x080001d1   Thumb Code     0  entry9a.o(.ARM.Collect$$$$0000000B)
    __rt_final_cpp                           0x080001d9   Thumb Code     0  entry10a.o(.ARM.Collect$$$$0000000D)
    __rt_final_exit                          0x080001d9   Thumb Code     0  entry11a.o(.ARM.Collect$$$$0000000F)
    Reset_Handler                            0x080001dd   Thumb Code     8  startup_stm32f746xx.o(.text)
    CAN1_RX0_IRQHandler                      0x080001f7   Thumb Code     0  startup_stm32f746xx.o(.text)
    CAN1_RX1_IRQHandler                      0x080001f7   Thumb Code     0  startup_stm32f746xx.o(.text)
    CAN1_SCE_IRQHandler                      0x080001f7   Thumb Code     0  startup_stm32f746xx.o(.text)
    CAN1_TX_IRQHandler                       0x080001f7   Thumb Code     0  startup_stm32f746xx.o(.text)
    CAN2_RX0_IRQHandler                      0x080001f7   Thumb Code     0  startup_stm32f746xx.o(.text)
    CAN2_RX1_IRQHandler                      0x080001f7   Thumb Code     0  startup_stm32f746xx.o(.text)
    CAN2_SCE_IRQHandler                      0x080001f7   Thumb Code     0  startup_stm32f746xx.o(.text)
    CAN2_TX_IRQHandler                       0x080001f7   Thumb Code     0  startup_stm32f746xx.o(.text)
    CEC_IRQHandler                           0x080001f7   Thumb Code     0  startup_stm32f746xx.o(.text)
    DCMI_IRQHandler                          0x080001f7   Thumb Code     0  startup_stm32f746xx.o(.text)
    DMA1_Stream0_IRQHandler                  0x080001f7   Thumb Code     0  startup_stm32f746xx.o(.text)
    DMA1_Stream1_IRQHandler                  0x080001f7   Thumb Code     0  startup_stm32f746xx.o(.text)
    DMA1_Stream2_IRQHandler                  0x080001f7   Thumb Code     0  startup_stm32f746xx.o(.text)
    DMA1_Stream3_IRQHandler                  0x080001f7   Thumb Code     0  startup_stm32f746xx.o(.text)
    DMA1_Stream4_IRQHandler                  0x080001f7   Thumb Code     0  startup_stm32f746xx.o(.text)
    DMA1_Stream5_IRQHandler                  0x080001f7   Thumb Code     0  startup_stm32f746xx.o(.text)
    DMA1_Stream6_IRQHandler                  0x080001f7   Thumb Code     0  startup_stm32f746xx.o(.text)
    DMA1_Stream7_IRQHandler                  0x080001f7   Thumb Code     0  startup_stm32f746xx.o(.text)
    DMA2D_IRQHandler                         0x080001f7   Thumb Code     0  startup_stm32f746xx.o(.text)
    DMA2_Stream1_IRQHandler                  0x080001f7   Thumb Code     0  startup_stm32f746xx.o(.text)
    DMA2_Stream3_IRQHandler                  0x080001f7   Thumb Code     0  startup_stm32f746xx.o(.text)
    DMA2_Stream4_IRQHandler                  0x080001f7   Thumb Code     0  startup_stm32f746xx.o(.text)
    DMA2_Stream5_IRQHandler                  0x080001f7   Thumb Code     0  startup_stm32f746xx.o(.text)
    DMA2_Stream6_IRQHandler                  0x080001f7   Thumb Code     0  startup_stm32f746xx.o(.text)
    ETH_IRQHandler                           0x080001f7   Thumb Code     0  startup_stm32f746xx.o(.text)
    ETH_WKUP_IRQHandler                      0x080001f7   Thumb Code     0  startup_stm32f746xx.o(.text)
    EXTI0_IRQHandler                         0x080001f7   Thumb Code     0  startup_stm32f746xx.o(.text)
    EXTI1_IRQHandler                         0x080001f7   Thumb Code     0  startup_stm32f746xx.o(.text)
    EXTI2_IRQHandler                         0x080001f7   Thumb Code     0  startup_stm32f746xx.o(.text)
    EXTI3_IRQHandler                         0x080001f7   Thumb Code     0  startup_stm32f746xx.o(.text)
    EXTI4_IRQHandler                         0x080001f7   Thumb Code     0  startup_stm32f746xx.o(.text)
    EXTI9_5_IRQHandler                       0x080001f7   Thumb Code     0  startup_stm32f746xx.o(.text)
    FLASH_IRQHandler                         0x080001f7   Thumb Code     0  startup_stm32f746xx.o(.text)
    FMC_IRQHandler                           0x080001f7   Thumb Code     0  startup_stm32f746xx.o(.text)
    FPU_IRQHandler                           0x080001f7   Thumb Code     0  startup_stm32f746xx.o(.text)
    I2C1_ER_IRQHandler                       0x080001f7   Thumb Code     0  startup_stm32f746xx.o(.text)
    I2C1_EV_IRQHandler                       0x080001f7   Thumb Code     0  startup_stm32f746xx.o(.text)
    I2C2_ER_IRQHandler                       0x080001f7   Thumb Code     0  startup_stm32f746xx.o(.text)
    I2C2_EV_IRQHandler                       0x080001f7   Thumb Code     0  startup_stm32f746xx.o(.text)
    I2C3_ER_IRQHandler                       0x080001f7   Thumb Code     0  startup_stm32f746xx.o(.text)
    I2C3_EV_IRQHandler                       0x080001f7   Thumb Code     0  startup_stm32f746xx.o(.text)
    I2C4_ER_IRQHandler                       0x080001f7   Thumb Code     0  startup_stm32f746xx.o(.text)
    I2C4_EV_IRQHandler                       0x080001f7   Thumb Code     0  startup_stm32f746xx.o(.text)
    LPTIM1_IRQHandler                        0x080001f7   Thumb Code     0  startup_stm32f746xx.o(.text)
    LTDC_ER_IRQHandler                       0x080001f7   Thumb Code     0  startup_stm32f746xx.o(.text)
    LTDC_IRQHandler                          0x080001f7   Thumb Code     0  startup_stm32f746xx.o(.text)
    OTG_FS_IRQHandler                        0x080001f7   Thumb Code     0  startup_stm32f746xx.o(.text)
    OTG_FS_WKUP_IRQHandler                   0x080001f7   Thumb Code     0  startup_stm32f746xx.o(.text)
    OTG_HS_EP1_IN_IRQHandler                 0x080001f7   Thumb Code     0  startup_stm32f746xx.o(.text)
    OTG_HS_EP1_OUT_IRQHandler                0x080001f7   Thumb Code     0  startup_stm32f746xx.o(.text)
    OTG_HS_IRQHandler                        0x080001f7   Thumb Code     0  startup_stm32f746xx.o(.text)
    OTG_HS_WKUP_IRQHandler                   0x080001f7   Thumb Code     0  startup_stm32f746xx.o(.text)
    PVD_IRQHandler                           0x080001f7   Thumb Code     0  startup_stm32f746xx.o(.text)
    QUADSPI_IRQHandler                       0x080001f7   Thumb Code     0  startup_stm32f746xx.o(.text)
    RCC_IRQHandler                           0x080001f7   Thumb Code     0  startup_stm32f746xx.o(.text)
    RNG_IRQHandler                           0x080001f7   Thumb Code     0  startup_stm32f746xx.o(.text)
    RTC_Alarm_IRQHandler                     0x080001f7   Thumb Code     0  startup_stm32f746xx.o(.text)
    RTC_WKUP_IRQHandler                      0x080001f7   Thumb Code     0  startup_stm32f746xx.o(.text)
    SAI1_IRQHandler                          0x080001f7   Thumb Code     0  startup_stm32f746xx.o(.text)
    SAI2_IRQHandler                          0x080001f7   Thumb Code     0  startup_stm32f746xx.o(.text)
    SDMMC1_IRQHandler                        0x080001f7   Thumb Code     0  startup_stm32f746xx.o(.text)
    SPDIF_RX_IRQHandler                      0x080001f7   Thumb Code     0  startup_stm32f746xx.o(.text)
    SPI1_IRQHandler                          0x080001f7   Thumb Code     0  startup_stm32f746xx.o(.text)
    SPI2_IRQHandler                          0x080001f7   Thumb Code     0  startup_stm32f746xx.o(.text)
    SPI3_IRQHandler                          0x080001f7   Thumb Code     0  startup_stm32f746xx.o(.text)
    SPI4_IRQHandler                          0x080001f7   Thumb Code     0  startup_stm32f746xx.o(.text)
    SPI5_IRQHandler                          0x080001f7   Thumb Code     0  startup_stm32f746xx.o(.text)
    SPI6_IRQHandler                          0x080001f7   Thumb Code     0  startup_stm32f746xx.o(.text)
    TAMP_STAMP_IRQHandler                    0x080001f7   Thumb Code     0  startup_stm32f746xx.o(.text)
    TIM1_BRK_TIM9_IRQHandler                 0x080001f7   Thumb Code     0  startup_stm32f746xx.o(.text)
    TIM1_CC_IRQHandler                       0x080001f7   Thumb Code     0  startup_stm32f746xx.o(.text)
    TIM1_TRG_COM_TIM11_IRQHandler            0x080001f7   Thumb Code     0  startup_stm32f746xx.o(.text)
    TIM1_UP_TIM10_IRQHandler                 0x080001f7   Thumb Code     0  startup_stm32f746xx.o(.text)
    TIM2_IRQHandler                          0x080001f7   Thumb Code     0  startup_stm32f746xx.o(.text)
    TIM3_IRQHandler                          0x080001f7   Thumb Code     0  startup_stm32f746xx.o(.text)
    TIM4_IRQHandler                          0x080001f7   Thumb Code     0  startup_stm32f746xx.o(.text)
    TIM5_IRQHandler                          0x080001f7   Thumb Code     0  startup_stm32f746xx.o(.text)
    TIM6_DAC_IRQHandler                      0x080001f7   Thumb Code     0  startup_stm32f746xx.o(.text)
    TIM7_IRQHandler                          0x080001f7   Thumb Code     0  startup_stm32f746xx.o(.text)
    TIM8_BRK_TIM12_IRQHandler                0x080001f7   Thumb Code     0  startup_stm32f746xx.o(.text)
    TIM8_CC_IRQHandler                       0x080001f7   Thumb Code     0  startup_stm32f746xx.o(.text)
    TIM8_TRG_COM_TIM14_IRQHandler            0x080001f7   Thumb Code     0  startup_stm32f746xx.o(.text)
    TIM8_UP_TIM13_IRQHandler                 0x080001f7   Thumb Code     0  startup_stm32f746xx.o(.text)
    UART4_IRQHandler                         0x080001f7   Thumb Code     0  startup_stm32f746xx.o(.text)
    UART5_IRQHandler                         0x080001f7   Thumb Code     0  startup_stm32f746xx.o(.text)
    UART7_IRQHandler                         0x080001f7   Thumb Code     0  startup_stm32f746xx.o(.text)
    UART8_IRQHandler                         0x080001f7   Thumb Code     0  startup_stm32f746xx.o(.text)
    USART2_IRQHandler                        0x080001f7   Thumb Code     0  startup_stm32f746xx.o(.text)
    USART3_IRQHandler                        0x080001f7   Thumb Code     0  startup_stm32f746xx.o(.text)
    USART6_IRQHandler                        0x080001f7   Thumb Code     0  startup_stm32f746xx.o(.text)
    WWDG_IRQHandler                          0x080001f7   Thumb Code     0  startup_stm32f746xx.o(.text)
    __aeabi_uldivmod                         0x08000201   Thumb Code    98  uldiv.o(.text)
    __aeabi_llsl                             0x08000263   Thumb Code    30  llshl.o(.text)
    _ll_shift_l                              0x08000263   Thumb Code     0  llshl.o(.text)
    __aeabi_llsr                             0x08000281   Thumb Code    32  llushr.o(.text)
    _ll_ushift_r                             0x08000281   Thumb Code     0  llushr.o(.text)
    __scatterload                            0x080002a1   Thumb Code    28  init.o(.text)
    __scatterload_rt2                        0x080002a1   Thumb Code     0  init.o(.text)
    ADC_IRQHandler                           0x08000349   Thumb Code     6  stm32f7xx_it.o(i.ADC_IRQHandler)
    BusFault_Handler                         0x08000489   Thumb Code     2  stm32f7xx_it.o(i.BusFault_Handler)
    DMA2_Stream0_IRQHandler                  0x08000501   Thumb Code     6  stm32f7xx_it.o(i.DMA2_Stream0_IRQHandler)
    DMA2_Stream2_IRQHandler                  0x0800050d   Thumb Code     6  stm32f7xx_it.o(i.DMA2_Stream2_IRQHandler)
    DMA2_Stream7_IRQHandler                  0x08000519   Thumb Code     6  stm32f7xx_it.o(i.DMA2_Stream7_IRQHandler)
    DebugMon_Handler                         0x080005c9   Thumb Code     2  stm32f7xx_it.o(i.DebugMon_Handler)
    EXTI15_10_IRQHandler                     0x080005cd   Thumb Code    32  stm32f7xx_it.o(i.EXTI15_10_IRQHandler)
    HAL_ADCEx_InjectedConvCpltCallback       0x080005f9   Thumb Code     2  stm32f7xx_hal_adc_ex.o(i.HAL_ADCEx_InjectedConvCpltCallback)
    HAL_ADC_ConfigChannel                    0x080005fd   Thumb Code   338  stm32f7xx_hal_adc.o(i.HAL_ADC_ConfigChannel)
    HAL_ADC_ConvCpltCallback                 0x08000761   Thumb Code  1116  main.o(i.HAL_ADC_ConvCpltCallback)
    HAL_ADC_ConvHalfCpltCallback             0x08000bc5   Thumb Code     2  stm32f7xx_hal_adc.o(i.HAL_ADC_ConvHalfCpltCallback)
    HAL_ADC_ErrorCallback                    0x08000bc7   Thumb Code     2  stm32f7xx_hal_adc.o(i.HAL_ADC_ErrorCallback)
    HAL_ADC_IRQHandler                       0x08000bc9   Thumb Code   316  stm32f7xx_hal_adc.o(i.HAL_ADC_IRQHandler)
    HAL_ADC_Init                             0x08000d05   Thumb Code    84  stm32f7xx_hal_adc.o(i.HAL_ADC_Init)
    HAL_ADC_LevelOutOfWindowCallback         0x08000d59   Thumb Code     2  stm32f7xx_hal_adc.o(i.HAL_ADC_LevelOutOfWindowCallback)
    HAL_ADC_MspInit                          0x08000d5d   Thumb Code   136  stm32f7xx_hal_msp.o(i.HAL_ADC_MspInit)
    HAL_ADC_Start_DMA                        0x08000e19   Thumb Code   226  stm32f7xx_hal_adc.o(i.HAL_ADC_Start_DMA)
    HAL_DMA_Abort_IT                         0x08000f15   Thumb Code    36  stm32f7xx_hal_dma.o(i.HAL_DMA_Abort_IT)
    HAL_DMA_IRQHandler                       0x08000f39   Thumb Code   412  stm32f7xx_hal_dma.o(i.HAL_DMA_IRQHandler)
    HAL_DMA_Init                             0x080010d9   Thumb Code   222  stm32f7xx_hal_dma.o(i.HAL_DMA_Init)
    HAL_DMA_Start_IT                         0x080011bd   Thumb Code   122  stm32f7xx_hal_dma.o(i.HAL_DMA_Start_IT)
    HAL_Delay                                0x08001239   Thumb Code    32  stm32f7xx_hal.o(i.HAL_Delay)
    HAL_GPIO_EXTI_Callback                   0x0800125d   Thumb Code     2  stm32f7xx_hal_gpio.o(i.HAL_GPIO_EXTI_Callback)
    HAL_GPIO_EXTI_IRQHandler                 0x08001261   Thumb Code    18  stm32f7xx_hal_gpio.o(i.HAL_GPIO_EXTI_IRQHandler)
    HAL_GPIO_Init                            0x08001279   Thumb Code   418  stm32f7xx_hal_gpio.o(i.HAL_GPIO_Init)
    HAL_GPIO_ReadPin                         0x08001451   Thumb Code    10  stm32f7xx_hal_gpio.o(i.HAL_GPIO_ReadPin)
    HAL_GPIO_TogglePin                       0x0800145b   Thumb Code     8  stm32f7xx_hal_gpio.o(i.HAL_GPIO_TogglePin)
    HAL_GPIO_WritePin                        0x08001463   Thumb Code    10  stm32f7xx_hal_gpio.o(i.HAL_GPIO_WritePin)
    HAL_GetTick                              0x0800146d   Thumb Code     6  stm32f7xx_hal.o(i.HAL_GetTick)
    HAL_IncTick                              0x08001479   Thumb Code    12  stm32f7xx_hal.o(i.HAL_IncTick)
    HAL_Init                                 0x08001489   Thumb Code    22  stm32f7xx_hal.o(i.HAL_Init)
    HAL_InitTick                             0x080014a1   Thumb Code    54  stm32f7xx_hal.o(i.HAL_InitTick)
    HAL_MspInit                              0x080014e1   Thumb Code   126  stm32f7xx_hal_msp.o(i.HAL_MspInit)
    HAL_NVIC_DisableIRQ                      0x08001565   Thumb Code    22  stm32f7xx_hal_cortex.o(i.HAL_NVIC_DisableIRQ)
    HAL_NVIC_EnableIRQ                       0x0800157b   Thumb Code    22  stm32f7xx_hal_cortex.o(i.HAL_NVIC_EnableIRQ)
    HAL_NVIC_SetPriority                     0x08001591   Thumb Code    60  stm32f7xx_hal_cortex.o(i.HAL_NVIC_SetPriority)
    HAL_NVIC_SetPriorityGrouping             0x080015d1   Thumb Code    28  stm32f7xx_hal_cortex.o(i.HAL_NVIC_SetPriorityGrouping)
    HAL_PWREx_EnableOverDrive                0x080015f5   Thumb Code   100  stm32f7xx_hal_pwr_ex.o(i.HAL_PWREx_EnableOverDrive)
    HAL_QSPI_Init                            0x08001661   Thumb Code   184  stm32f7xx_hal_qspi.o(i.HAL_QSPI_Init)
    HAL_QSPI_MspInit                         0x08001721   Thumb Code   128  stm32f7xx_hal_msp.o(i.HAL_QSPI_MspInit)
    HAL_RCCEx_PeriphCLKConfig                0x080017b5   Thumb Code  1276  stm32f7xx_hal_rcc_ex.o(i.HAL_RCCEx_PeriphCLKConfig)
    HAL_RCC_ClockConfig                      0x08001cb1   Thumb Code   282  stm32f7xx_hal_rcc.o(i.HAL_RCC_ClockConfig)
    HAL_RCC_GetHCLKFreq                      0x08001ddd   Thumb Code     6  stm32f7xx_hal_rcc.o(i.HAL_RCC_GetHCLKFreq)
    HAL_RCC_GetPCLK1Freq                     0x08001de9   Thumb Code    20  stm32f7xx_hal_rcc.o(i.HAL_RCC_GetPCLK1Freq)
    HAL_RCC_GetPCLK2Freq                     0x08001e09   Thumb Code    20  stm32f7xx_hal_rcc.o(i.HAL_RCC_GetPCLK2Freq)
    HAL_RCC_GetSysClockFreq                  0x08001e29   Thumb Code    88  stm32f7xx_hal_rcc.o(i.HAL_RCC_GetSysClockFreq)
    HAL_RCC_OscConfig                        0x08001e8d   Thumb Code   810  stm32f7xx_hal_rcc.o(i.HAL_RCC_OscConfig)
    HAL_SYSTICK_CLKSourceConfig              0x080021c5   Thumb Code    24  stm32f7xx_hal_cortex.o(i.HAL_SYSTICK_CLKSourceConfig)
    HAL_SYSTICK_Callback                     0x080021dd   Thumb Code     2  stm32f7xx_hal_cortex.o(i.HAL_SYSTICK_Callback)
    HAL_SYSTICK_Config                       0x080021df   Thumb Code    38  stm32f7xx_hal_cortex.o(i.HAL_SYSTICK_Config)
    HAL_SYSTICK_IRQHandler                   0x08002205   Thumb Code     8  stm32f7xx_hal_cortex.o(i.HAL_SYSTICK_IRQHandler)
    HAL_UART_ErrorCallback                   0x0800220d   Thumb Code     2  stm32f7xx_hal_uart.o(i.HAL_UART_ErrorCallback)
    HAL_UART_IRQHandler                      0x08002211   Thumb Code   372  stm32f7xx_hal_uart.o(i.HAL_UART_IRQHandler)
    HAL_UART_Init                            0x08002389   Thumb Code   106  stm32f7xx_hal_uart.o(i.HAL_UART_Init)
    HAL_UART_MspInit                         0x080023f5   Thumb Code   208  stm32f7xx_hal_msp.o(i.HAL_UART_MspInit)
    HAL_UART_Receive_IT                      0x080024fd   Thumb Code   142  stm32f7xx_hal_uart.o(i.HAL_UART_Receive_IT)
    HAL_UART_RxCpltCallback                  0x0800258b   Thumb Code     2  main.o(i.HAL_UART_RxCpltCallback)
    HAL_UART_Transmit                        0x0800258d   Thumb Code   182  stm32f7xx_hal_uart.o(i.HAL_UART_Transmit)
    HAL_UART_TxCpltCallback                  0x08002643   Thumb Code     2  stm32f7xx_hal_uart.o(i.HAL_UART_TxCpltCallback)
    HardFault_Handler                        0x08002645   Thumb Code     2  stm32f7xx_it.o(i.HardFault_Handler)
    MemManage_Handler                        0x08002cc1   Thumb Code     2  stm32f7xx_it.o(i.MemManage_Handler)
    NMI_Handler                              0x08002cc3   Thumb Code     2  stm32f7xx_it.o(i.NMI_Handler)
    PendSV_Handler                           0x08002ce7   Thumb Code     2  stm32f7xx_it.o(i.PendSV_Handler)
    SVC_Handler                              0x08002d31   Thumb Code     2  stm32f7xx_it.o(i.SVC_Handler)
    SysTick_Handler                          0x08002d33   Thumb Code    14  stm32f7xx_it.o(i.SysTick_Handler)
    SystemClock_Config                       0x08002d41   Thumb Code   174  main.o(i.SystemClock_Config)
    SystemInit                               0x08002df9   Thumb Code    68  system_stm32f7xx.o(i.SystemInit)
    TransmitData                             0x08002e4d   Thumb Code    26  main.o(i.TransmitData)
    UART_AdvFeatureConfig                    0x08002e6d   Thumb Code   200  stm32f7xx_hal_uart.o(i.UART_AdvFeatureConfig)
    UART_CheckIdleState                      0x08002f35   Thumb Code    64  stm32f7xx_hal_uart.o(i.UART_CheckIdleState)
    UART_SetConfig                           0x0800301d   Thumb Code   550  stm32f7xx_hal_uart.o(i.UART_SetConfig)
    UART_WaitOnFlagUntilTimeout              0x08003275   Thumb Code   100  stm32f7xx_hal_uart.o(i.UART_WaitOnFlagUntilTimeout)
    USART1_IRQHandler                        0x080032d9   Thumb Code     6  stm32f7xx_it.o(i.USART1_IRQHandler)
    UsageFault_Handler                       0x080032e5   Thumb Code     2  stm32f7xx_it.o(i.UsageFault_Handler)
    _Error_Handler                           0x080032e7   Thumb Code     2  main.o(i._Error_Handler)
    __scatterload_copy                       0x080032e9   Thumb Code    14  handlers.o(i.__scatterload_copy)
    __scatterload_null                       0x080032f7   Thumb Code     2  handlers.o(i.__scatterload_null)
    __scatterload_zeroinit                   0x080032f9   Thumb Code    14  handlers.o(i.__scatterload_zeroinit)
    main                                     0x08003309   Thumb Code   438  main.o(i.main)
    AHBPrescTable                            0x080034e8   Data          16  system_stm32f7xx.o(.constdata)
    APBPrescTable                            0x080034f8   Data           8  system_stm32f7xx.o(.constdata)
    Region$$Table$$Base                      0x08003500   Number         0  anon$$obj.o(Region$$Table)
    Region$$Table$$Limit                     0x08003520   Number         0  anon$$obj.o(Region$$Table)
    N_REC                                    0x20000000   Data           2  main.o(.data)
    RxCode                                   0x20000002   Data           2  main.o(.data)
    Address                                  0x20000004   Data           4  main.o(.data)
    EndRecordAddress                         0x20000008   Data           4  main.o(.data)
    j                                        0x2000000c   Data           4  main.o(.data)
    uwTickFreq                               0x20000010   Data           1  stm32f7xx_hal.o(.data)
    uwTickPrio                               0x20000014   Data           4  stm32f7xx_hal.o(.data)
    uwTick                                   0x20000018   Data           4  stm32f7xx_hal.o(.data)
    SystemCoreClock                          0x2000001c   Data           4  system_stm32f7xx.o(.data)
    hadc3                                    0x20000020   Data          72  main.o(.bss)
    hqspi                                    0x20000068   Data          76  main.o(.bss)
    huart1                                   0x200000b4   Data         112  main.o(.bss)
    ADC_BUF                                  0x20000124   Data         240  main.o(.bss)
    DATA_CH1                                 0x20000214   Data       30000  main.o(.bss)
    DATA_CH2                                 0x20007744   Data       30000  main.o(.bss)
    DATA_CH3                                 0x2000ec74   Data       30000  main.o(.bss)
    DATA_CH4                                 0x200161a4   Data       30000  main.o(.bss)
    hdma_adc3                                0x2001d6d4   Data          96  main.o(.bss)
    hdma_usart1_rx                           0x2001d734   Data          96  main.o(.bss)
    hdma_usart1_tx                           0x2001d794   Data          96  main.o(.bss)
    __initial_sp                             0x2001dbf8   Data           0  startup_stm32f746xx.o(STACK)



==============================================================================

Memory Map of the image

  Image Entry point : 0x080001c9

  Load Region LR_IROM1 (Base: 0x08000000, Size: 0x00003540, Max: 0x00100000, ABSOLUTE)

    Execution Region ER_IROM1 (Exec base: 0x08000000, Load base: 0x08000000, Size: 0x00003520, Max: 0x00100000, ABSOLUTE)

    Exec Addr    Load Addr    Size         Type   Attr      Idx    E Section Name        Object

    0x08000000   0x08000000   0x000001c8   Data   RO            3    RESET               startup_stm32f746xx.o
    0x080001c8   0x080001c8   0x00000000   Code   RO          482  * .ARM.Collect$$$$00000000  mc_w.l(entry.o)
    0x080001c8   0x080001c8   0x00000004   Code   RO          486    .ARM.Collect$$$$00000001  mc_w.l(entry2.o)
    0x080001cc   0x080001cc   0x00000004   Code   RO          489    .ARM.Collect$$$$00000004  mc_w.l(entry5.o)
    0x080001d0   0x080001d0   0x00000000   Code   RO          491    .ARM.Collect$$$$00000008  mc_w.l(entry7b.o)
    0x080001d0   0x080001d0   0x00000000   Code   RO          493    .ARM.Collect$$$$0000000A  mc_w.l(entry8b.o)
    0x080001d0   0x080001d0   0x00000008   Code   RO          494    .ARM.Collect$$$$0000000B  mc_w.l(entry9a.o)
    0x080001d8   0x080001d8   0x00000000   Code   RO          496    .ARM.Collect$$$$0000000D  mc_w.l(entry10a.o)
    0x080001d8   0x080001d8   0x00000000   Code   RO          498    .ARM.Collect$$$$0000000F  mc_w.l(entry11a.o)
    0x080001d8   0x080001d8   0x00000004   Code   RO          487    .ARM.Collect$$$$00002712  mc_w.l(entry2.o)
    0x080001dc   0x080001dc   0x00000024   Code   RO            4    .text               startup_stm32f746xx.o
    0x08000200   0x08000200   0x00000062   Code   RO          485    .text               mc_w.l(uldiv.o)
    0x08000262   0x08000262   0x0000001e   Code   RO          500    .text               mc_w.l(llshl.o)
    0x08000280   0x08000280   0x00000020   Code   RO          501    .text               mc_w.l(llushr.o)
    0x080002a0   0x080002a0   0x00000024   Code   RO          502    .text               mc_w.l(init.o)
    0x080002c4   0x080002c4   0x00000062   Code   RO           64    i.ADC_DMAConvCplt   stm32f7xx_hal_adc.o
    0x08000326   0x08000326   0x00000016   Code   RO           65    i.ADC_DMAError      stm32f7xx_hal_adc.o
    0x0800033c   0x0800033c   0x0000000a   Code   RO           66    i.ADC_DMAHalfConvCplt  stm32f7xx_hal_adc.o
    0x08000346   0x08000346   0x00000002   PAD
    0x08000348   0x08000348   0x0000000c   Code   RO           32    i.ADC_IRQHandler    stm32f7xx_it.o
    0x08000354   0x08000354   0x00000134   Code   RO           67    i.ADC_Init          stm32f7xx_hal_adc.o
    0x08000488   0x08000488   0x00000002   Code   RO           33    i.BusFault_Handler  stm32f7xx_it.o
    0x0800048a   0x0800048a   0x00000002   PAD
    0x0800048c   0x0800048c   0x00000074   Code   RO            8    i.CPU_CACHE_Enable  main.o
    0x08000500   0x08000500   0x0000000c   Code   RO           34    i.DMA2_Stream0_IRQHandler  stm32f7xx_it.o
    0x0800050c   0x0800050c   0x0000000c   Code   RO           35    i.DMA2_Stream2_IRQHandler  stm32f7xx_it.o
    0x08000518   0x08000518   0x0000000c   Code   RO           36    i.DMA2_Stream7_IRQHandler  stm32f7xx_it.o
    0x08000524   0x08000524   0x00000028   Code   RO          301    i.DMA_CalcBaseAndBitshift  stm32f7xx_hal_dma.o
    0x0800054c   0x0800054c   0x00000054   Code   RO          302    i.DMA_CheckFifoParam  stm32f7xx_hal_dma.o
    0x080005a0   0x080005a0   0x00000028   Code   RO          303    i.DMA_SetConfig     stm32f7xx_hal_dma.o
    0x080005c8   0x080005c8   0x00000002   Code   RO           37    i.DebugMon_Handler  stm32f7xx_it.o
    0x080005ca   0x080005ca   0x00000002   PAD
    0x080005cc   0x080005cc   0x0000002c   Code   RO           38    i.EXTI15_10_IRQHandler  stm32f7xx_it.o
    0x080005f8   0x080005f8   0x00000002   Code   RO           97    i.HAL_ADCEx_InjectedConvCpltCallback  stm32f7xx_hal_adc_ex.o
    0x080005fa   0x080005fa   0x00000002   PAD
    0x080005fc   0x080005fc   0x00000164   Code   RO           69    i.HAL_ADC_ConfigChannel  stm32f7xx_hal_adc.o
    0x08000760   0x08000760   0x00000464   Code   RO            9    i.HAL_ADC_ConvCpltCallback  main.o
    0x08000bc4   0x08000bc4   0x00000002   Code   RO           71    i.HAL_ADC_ConvHalfCpltCallback  stm32f7xx_hal_adc.o
    0x08000bc6   0x08000bc6   0x00000002   Code   RO           73    i.HAL_ADC_ErrorCallback  stm32f7xx_hal_adc.o
    0x08000bc8   0x08000bc8   0x0000013c   Code   RO           77    i.HAL_ADC_IRQHandler  stm32f7xx_hal_adc.o
    0x08000d04   0x08000d04   0x00000054   Code   RO           78    i.HAL_ADC_Init      stm32f7xx_hal_adc.o
    0x08000d58   0x08000d58   0x00000002   Code   RO           79    i.HAL_ADC_LevelOutOfWindowCallback  stm32f7xx_hal_adc.o
    0x08000d5a   0x08000d5a   0x00000002   PAD
    0x08000d5c   0x08000d5c   0x000000bc   Code   RO           51    i.HAL_ADC_MspInit   stm32f7xx_hal_msp.o
    0x08000e18   0x08000e18   0x000000fc   Code   RO           85    i.HAL_ADC_Start_DMA  stm32f7xx_hal_adc.o
    0x08000f14   0x08000f14   0x00000024   Code   RO          305    i.HAL_DMA_Abort_IT  stm32f7xx_hal_dma.o
    0x08000f38   0x08000f38   0x000001a0   Code   RO          309    i.HAL_DMA_IRQHandler  stm32f7xx_hal_dma.o
    0x080010d8   0x080010d8   0x000000e4   Code   RO          310    i.HAL_DMA_Init      stm32f7xx_hal_dma.o
    0x080011bc   0x080011bc   0x0000007a   Code   RO          314    i.HAL_DMA_Start_IT  stm32f7xx_hal_dma.o
    0x08001236   0x08001236   0x00000002   PAD
    0x08001238   0x08001238   0x00000024   Code   RO          370    i.HAL_Delay         stm32f7xx_hal.o
    0x0800125c   0x0800125c   0x00000002   Code   RO          291    i.HAL_GPIO_EXTI_Callback  stm32f7xx_hal_gpio.o
    0x0800125e   0x0800125e   0x00000002   PAD
    0x08001260   0x08001260   0x00000018   Code   RO          292    i.HAL_GPIO_EXTI_IRQHandler  stm32f7xx_hal_gpio.o
    0x08001278   0x08001278   0x000001d8   Code   RO          293    i.HAL_GPIO_Init     stm32f7xx_hal_gpio.o
    0x08001450   0x08001450   0x0000000a   Code   RO          295    i.HAL_GPIO_ReadPin  stm32f7xx_hal_gpio.o
    0x0800145a   0x0800145a   0x00000008   Code   RO          296    i.HAL_GPIO_TogglePin  stm32f7xx_hal_gpio.o
    0x08001462   0x08001462   0x0000000a   Code   RO          297    i.HAL_GPIO_WritePin  stm32f7xx_hal_gpio.o
    0x0800146c   0x0800146c   0x0000000c   Code   RO          378    i.HAL_GetTick       stm32f7xx_hal.o
    0x08001478   0x08001478   0x00000010   Code   RO          384    i.HAL_IncTick       stm32f7xx_hal.o
    0x08001488   0x08001488   0x00000016   Code   RO          385    i.HAL_Init          stm32f7xx_hal.o
    0x0800149e   0x0800149e   0x00000002   PAD
    0x080014a0   0x080014a0   0x00000040   Code   RO          386    i.HAL_InitTick      stm32f7xx_hal.o
    0x080014e0   0x080014e0   0x00000084   Code   RO           52    i.HAL_MspInit       stm32f7xx_hal_msp.o
    0x08001564   0x08001564   0x00000016   Code   RO          115    i.HAL_NVIC_DisableIRQ  stm32f7xx_hal_cortex.o
    0x0800157a   0x0800157a   0x00000016   Code   RO          116    i.HAL_NVIC_EnableIRQ  stm32f7xx_hal_cortex.o
    0x08001590   0x08001590   0x00000040   Code   RO          122    i.HAL_NVIC_SetPriority  stm32f7xx_hal_cortex.o
    0x080015d0   0x080015d0   0x00000024   Code   RO          123    i.HAL_NVIC_SetPriorityGrouping  stm32f7xx_hal_cortex.o
    0x080015f4   0x080015f4   0x0000006c   Code   RO          357    i.HAL_PWREx_EnableOverDrive  stm32f7xx_hal_pwr_ex.o
    0x08001660   0x08001660   0x000000c0   Code   RO          148    i.HAL_QSPI_Init     stm32f7xx_hal_qspi.o
    0x08001720   0x08001720   0x00000094   Code   RO           54    i.HAL_QSPI_MspInit  stm32f7xx_hal_msp.o
    0x080017b4   0x080017b4   0x000004fc   Code   RO          254    i.HAL_RCCEx_PeriphCLKConfig  stm32f7xx_hal_rcc_ex.o
    0x08001cb0   0x08001cb0   0x0000012c   Code   RO          232    i.HAL_RCC_ClockConfig  stm32f7xx_hal_rcc.o
    0x08001ddc   0x08001ddc   0x0000000c   Code   RO          237    i.HAL_RCC_GetHCLKFreq  stm32f7xx_hal_rcc.o
    0x08001de8   0x08001de8   0x00000020   Code   RO          239    i.HAL_RCC_GetPCLK1Freq  stm32f7xx_hal_rcc.o
    0x08001e08   0x08001e08   0x00000020   Code   RO          240    i.HAL_RCC_GetPCLK2Freq  stm32f7xx_hal_rcc.o
    0x08001e28   0x08001e28   0x00000064   Code   RO          241    i.HAL_RCC_GetSysClockFreq  stm32f7xx_hal_rcc.o
    0x08001e8c   0x08001e8c   0x00000338   Code   RO          244    i.HAL_RCC_OscConfig  stm32f7xx_hal_rcc.o
    0x080021c4   0x080021c4   0x00000018   Code   RO          125    i.HAL_SYSTICK_CLKSourceConfig  stm32f7xx_hal_cortex.o
    0x080021dc   0x080021dc   0x00000002   Code   RO          126    i.HAL_SYSTICK_Callback  stm32f7xx_hal_cortex.o
    0x080021de   0x080021de   0x00000026   Code   RO          127    i.HAL_SYSTICK_Config  stm32f7xx_hal_cortex.o
    0x08002204   0x08002204   0x00000008   Code   RO          128    i.HAL_SYSTICK_IRQHandler  stm32f7xx_hal_cortex.o
    0x0800220c   0x0800220c   0x00000002   Code   RO          198    i.HAL_UART_ErrorCallback  stm32f7xx_hal_uart.o
    0x0800220e   0x0800220e   0x00000002   PAD
    0x08002210   0x08002210   0x00000178   Code   RO          201    i.HAL_UART_IRQHandler  stm32f7xx_hal_uart.o
    0x08002388   0x08002388   0x0000006a   Code   RO          202    i.HAL_UART_Init     stm32f7xx_hal_uart.o
    0x080023f2   0x080023f2   0x00000002   PAD
    0x080023f4   0x080023f4   0x00000108   Code   RO           56    i.HAL_UART_MspInit  stm32f7xx_hal_msp.o
    0x080024fc   0x080024fc   0x0000008e   Code   RO          207    i.HAL_UART_Receive_IT  stm32f7xx_hal_uart.o
    0x0800258a   0x0800258a   0x00000002   Code   RO           10    i.HAL_UART_RxCpltCallback  main.o
    0x0800258c   0x0800258c   0x000000b6   Code   RO          210    i.HAL_UART_Transmit  stm32f7xx_hal_uart.o
    0x08002642   0x08002642   0x00000002   Code   RO          213    i.HAL_UART_TxCpltCallback  stm32f7xx_hal_uart.o
    0x08002644   0x08002644   0x00000002   Code   RO           39    i.HardFault_Handler  stm32f7xx_it.o
    0x08002646   0x08002646   0x00000002   PAD
    0x08002648   0x08002648   0x0000008c   Code   RO           11    i.MX_ADC3_Init      main.o
    0x080026d4   0x080026d4   0x00000580   Code   RO           12    i.MX_GPIO_Init      main.o
    0x08002c54   0x08002c54   0x00000034   Code   RO           13    i.MX_QUADSPI_Init   main.o
    0x08002c88   0x08002c88   0x00000038   Code   RO           14    i.MX_USART1_UART_Init  main.o
    0x08002cc0   0x08002cc0   0x00000002   Code   RO           40    i.MemManage_Handler  stm32f7xx_it.o
    0x08002cc2   0x08002cc2   0x00000002   Code   RO           41    i.NMI_Handler       stm32f7xx_it.o
    0x08002cc4   0x08002cc4   0x00000022   Code   RO          129    i.NVIC_SetPriority  stm32f7xx_hal_cortex.o
    0x08002ce6   0x08002ce6   0x00000002   Code   RO           42    i.PendSV_Handler    stm32f7xx_it.o
    0x08002ce8   0x08002ce8   0x00000048   Code   RO          173    i.QSPI_WaitFlagStateUntilTimeout  stm32f7xx_hal_qspi.o
    0x08002d30   0x08002d30   0x00000002   Code   RO           43    i.SVC_Handler       stm32f7xx_it.o
    0x08002d32   0x08002d32   0x0000000e   Code   RO           44    i.SysTick_Handler   stm32f7xx_it.o
    0x08002d40   0x08002d40   0x000000b8   Code   RO           16    i.SystemClock_Config  main.o
    0x08002df8   0x08002df8   0x00000054   Code   RO          478    i.SystemInit        system_stm32f7xx.o
    0x08002e4c   0x08002e4c   0x00000020   Code   RO           17    i.TransmitData      main.o
    0x08002e6c   0x08002e6c   0x000000c8   Code   RO          215    i.UART_AdvFeatureConfig  stm32f7xx_hal_uart.o
    0x08002f34   0x08002f34   0x00000040   Code   RO          216    i.UART_CheckIdleState  stm32f7xx_hal_uart.o
    0x08002f74   0x08002f74   0x00000014   Code   RO          217    i.UART_DMAAbortOnError  stm32f7xx_hal_uart.o
    0x08002f88   0x08002f88   0x0000001c   Code   RO          223    i.UART_EndRxTransfer  stm32f7xx_hal_uart.o
    0x08002fa4   0x08002fa4   0x00000078   Code   RO          225    i.UART_Receive_IT   stm32f7xx_hal_uart.o
    0x0800301c   0x0800301c   0x00000258   Code   RO          226    i.UART_SetConfig    stm32f7xx_hal_uart.o
    0x08003274   0x08003274   0x00000064   Code   RO          227    i.UART_WaitOnFlagUntilTimeout  stm32f7xx_hal_uart.o
    0x080032d8   0x080032d8   0x0000000c   Code   RO           45    i.USART1_IRQHandler  stm32f7xx_it.o
    0x080032e4   0x080032e4   0x00000002   Code   RO           46    i.UsageFault_Handler  stm32f7xx_it.o
    0x080032e6   0x080032e6   0x00000002   Code   RO           18    i._Error_Handler    main.o
    0x080032e8   0x080032e8   0x0000000e   Code   RO          505    i.__scatterload_copy  mc_w.l(handlers.o)
    0x080032f6   0x080032f6   0x00000002   Code   RO          506    i.__scatterload_null  mc_w.l(handlers.o)
    0x080032f8   0x080032f8   0x0000000e   Code   RO          507    i.__scatterload_zeroinit  mc_w.l(handlers.o)
    0x08003306   0x08003306   0x00000002   PAD
    0x08003308   0x08003308   0x000001d8   Code   RO           20    i.main              main.o
    0x080034e0   0x080034e0   0x00000008   Data   RO          316    .constdata          stm32f7xx_hal_dma.o
    0x080034e8   0x080034e8   0x00000010   Data   RO          479    .constdata          system_stm32f7xx.o
    0x080034f8   0x080034f8   0x00000008   Data   RO          480    .constdata          system_stm32f7xx.o
    0x08003500   0x08003500   0x00000020   Data   RO          503    Region$$Table       anon$$obj.o


    Execution Region RW_IRAM1 (Exec base: 0x20000000, Load base: 0x08003520, Size: 0x0001dbf8, Max: 0x00050000, ABSOLUTE)

    Exec Addr    Load Addr    Size         Type   Attr      Idx    E Section Name        Object

    0x20000000   0x08003520   0x00000010   Data   RW           27    .data               main.o
    0x20000010   0x08003530   0x0000000c   Data   RW          392    .data               stm32f7xx_hal.o
    0x2000001c   0x0800353c   0x00000004   Data   RW          481    .data               system_stm32f7xx.o
    0x20000020        -       0x0001d6b4   Zero   RW           21    .bss                main.o
    0x2001d6d4        -       0x00000060   Zero   RW           22    .bss                main.o
    0x2001d734        -       0x00000060   Zero   RW           23    .bss                main.o
    0x2001d794        -       0x00000060   Zero   RW           24    .bss                main.o
    0x2001d7f4   0x08003540   0x00000004   PAD
    0x2001d7f8        -       0x00000400   Zero   RW            1    STACK               startup_stm32f746xx.o


==============================================================================

Image component sizes


      Code (inc. data)   RO Data    RW Data    ZI Data      Debug   Object Name

      3588        224          0         16     120788          0   main.o
        36          8        456          0       1024          0   startup_stm32f746xx.o
       150         24          0         12          0          0   stm32f7xx_hal.o
      1452         58          0          0          0          0   stm32f7xx_hal_adc.o
         2          0          0          0          0          0   stm32f7xx_hal_adc_ex.o
       250         12          0          0          0          0   stm32f7xx_hal_cortex.o
       966         16          8          0          0          0   stm32f7xx_hal_dma.o
       526         60          0          0          0          0   stm32f7xx_hal_gpio.o
       732        134          0          0          0          0   stm32f7xx_hal_msp.o
       108          8          0          0          0          0   stm32f7xx_hal_pwr_ex.o
       264          8          0          0          0          0   stm32f7xx_hal_qspi.o
      1300         74          0          0          0          0   stm32f7xx_hal_rcc.o
      1276         16          0          0          0          0   stm32f7xx_hal_rcc_ex.o
      1942         74          0          0          0          0   stm32f7xx_hal_uart.o
       134         42          0          0          0          0   stm32f7xx_it.o
        84         16         24          4          0          0   system_stm32f7xx.o

    ----------------------------------------------------------------------
     12832        774        520         32     121816          0   Object Totals
         0          0         32          0          0          0   (incl. Generated)
        22          0          0          0          4          0   (incl. Padding)

    ----------------------------------------------------------------------

      Code (inc. data)   RO Data    RW Data    ZI Data      Debug   Library Member Name

         0          0          0          0          0          0   entry.o
         0          0          0          0          0          0   entry10a.o
         0          0          0          0          0          0   entry11a.o
         8          4          0          0          0          0   entry2.o
         4          0          0          0          0          0   entry5.o
         0          0          0          0          0          0   entry7b.o
         0          0          0          0          0          0   entry8b.o
         8          4          0          0          0          0   entry9a.o
        30          0          0          0          0          0   handlers.o
        36          8          0          0          0          0   init.o
        30          0          0          0          0          0   llshl.o
        32          0          0          0          0          0   llushr.o
        98          0          0          0          0          0   uldiv.o

    ----------------------------------------------------------------------
       248         16          0          0          0          0   Library Totals
         2          0          0          0          0          0   (incl. Padding)

    ----------------------------------------------------------------------

      Code (inc. data)   RO Data    RW Data    ZI Data      Debug   Library Name

       246         16          0          0          0          0   mc_w.l

    ----------------------------------------------------------------------
       248         16          0          0          0          0   Library Totals

    ----------------------------------------------------------------------

==============================================================================


      Code (inc. data)   RO Data    RW Data    ZI Data      Debug   

     13080        790        520         32     121816          0   Grand Totals
     13080        790        520         32     121816          0   ELF Image Totals
     13080        790        520         32          0          0   ROM Totals

==============================================================================

    Total RO  Size (Code + RO Data)                13600 (  13.28kB)
    Total RW  Size (RW Data + ZI Data)            121848 ( 118.99kB)
    Total ROM Size (Code + RO Data + RW Data)      13632 (  13.31kB)

==============================================================================

