<html>
<body>
<pre>
<h1>µVision Build Log</h1>
<h2>Tool Versions:</h2>
IDE-Version: µVision V5.24.2.0
Copyright (C) 2017 ARM Ltd and ARM Germany GmbH. All rights reserved.
License Information: amir shahshahani, mcgill, LIC=----
 
Tool Versions:
Toolchain:       MDK-Lite  Version: 5.24.1
Toolchain Path:  C:\Keil_v5\ARM\ARMCC\Bin
C Compiler:      Armcc.exe V5.06 update 5 (build 528)
Assembler:       Armasm.exe V5.06 update 5 (build 528)
Linker/Locator:  ArmLink.exe V5.06 update 5 (build 528)
Library Manager: ArmAr.exe V5.06 update 5 (build 528)
Hex Converter:   FromElf.exe V5.06 update 5 (build 528)
CPU DLL:         SARMCM3.DLL V5.24.1
Dialog DLL:      DCM.DLL V1.16.0.0
Target DLL:      STLink\ST-LINKIII-KEIL_SWO.dll V3.0.1.0
Dialog DLL:      TCM.DLL V1.32.0.0
 
<h2>Project:</h2>
C:\Users\ashahs\source\repos\URESP_MCU_FPGA\MDK-ARM\STMF7_4CH_US.uvprojx
Project File Date:  06/20/2021

<h2>Output:</h2>
*** Using Compiler 'V5.06 update 5 (build 528)', folder: 'C:\Keil_v5\ARM\ARMCC\Bin'
Build target 'URESP_MCU_FPGA'
assembling startup_stm32f746xx.s...
compiling stm32f7xx_it.c...
compiling stm32f7xx_hal_msp.c...
compiling main.c...
../Src/main.c(1191): warning:  #177-D: function "GetSector"  was declared but never referenced
  static uint32_t GetSector(uint32_t Address)
../Src/main.c(52): warning:  #177-D: variable "EraseInitStruct"  was declared but never referenced
  static FLASH_EraseInitTypeDef EraseInitStruct;
../Src/main.c: 2 warnings, 0 errors
compiling fput_debug.c...
compiling stm32f7xx_hal_adc.c...
compiling stm32f7xx_hal_adc_ex.c...
compiling stm32f7xx_hal_cortex.c...
compiling stm32f7xx_hal_tim.c...
compiling stm32f7xx_hal_qspi.c...
compiling stm32f7xx_hal_tim_ex.c...
compiling stm32f7xx_hal_uart.c...
compiling stm32f7xx_hal_rcc.c...
compiling stm32f7xx_hal_rcc_ex.c...
compiling stm32f7xx_hal_flash.c...
compiling stm32f7xx_hal_flash_ex.c...
compiling stm32f7xx_hal_gpio.c...
compiling stm32f7xx_hal_dma.c...
compiling stm32f7xx_hal_dma_ex.c...
compiling stm32f7xx_hal_pwr.c...
compiling stm32f7xx_hal_pwr_ex.c...
compiling stm32f7xx_hal.c...
compiling stm32f7xx_hal_i2c.c...
compiling stm32f7xx_hal_i2c_ex.c...
compiling system_stm32f7xx.c...
linking...
Program Size: Code=13080 RO-data=520 RW-data=32 ZI-data=121816  
FromELF: creating hex file...
"STMF7_4CH_US\URESP_MCU_FPGA.axf" - 0 Error(s), 2 Warning(s).

<h2>Software Packages used:</h2>

Package Vendor: ARM
                http://www.keil.com/pack/ARM.CMSIS.5.1.1.pack
                ARM.CMSIS.5.1.1
                CMSIS (Cortex Microcontroller Software Interface Standard)
   * Component: CORE Version: 5.0.2

Package Vendor: Keil
                http://www.keil.com/pack/Keil.STM32F7xx_DFP.2.9.0.pack
                Keil.STM32F7xx_DFP.2.9.0
                STMicroelectronics STM32F7 Series Device Support, Drivers and Examples

<h2>Collection of Component include folders:</h2>
  .\RTE\_URESP_MCU_FPGA
  C:\Keil_v5\ARM\PACK\ARM\CMSIS\5.1.1\CMSIS\Include
  C:\Keil_v5\ARM\PACK\Keil\STM32F7xx_DFP\2.9.0\Drivers\CMSIS\Device\ST\STM32F7xx\Include

<h2>Collection of Component Files used:</h2>

   * Component: ARM::CMSIS:CORE:5.0.2
Build Time Elapsed:  00:02:35
</pre>
</body>
</html>
